Component: ARM Compiler 5.06 update 3 (build 300) Tool: armlink [4d35c9]

==============================================================================

Section Cross References

    main.o(i.main) refers to main.o(i.sys_Initial) for sys_Initial
    main.o(i.main) refers to mpu9250.o(i.get_MPU9250_DATA) for get_MPU9250_DATA
    main.o(i.main) refers to ffix.o(x$fpl$ffix) for __aeabi_f2iz
    main.o(i.main) refers to usart.o(i.UART1_PublishMotion) for UART1_PublishMotion
    main.o(i.sys_Initial) refers to system_stm32f10x.o(i.SystemInit) for SystemInit
    main.o(i.sys_Initial) refers to delay.o(i.delay_us) for delay_us
    main.o(i.sys_Initial) refers to led.o(i.LED_Init) for LED_Init
    main.o(i.sys_Initial) refers to usart.o(i.uart1_init) for uart1_init
    main.o(i.sys_Initial) refers to mpu9250.o(i.MPU9250_Init) for MPU9250_Init
    main.o(i.sys_Initial) refers to imu_ekf.o(i.Init_ekf) for Init_ekf
    imu_ekf.o(i.EKFupdata) refers to fmul.o(x$fpl$fmul) for __aeabi_fmul
    imu_ekf.o(i.EKFupdata) refers to faddsub_clz.o(x$fpl$fsub) for __aeabi_fsub
    imu_ekf.o(i.EKFupdata) refers to faddsub_clz.o(x$fpl$frsb) for __aeabi_frsub
    imu_ekf.o(i.EKFupdata) refers to faddsub_clz.o(x$fpl$fadd) for __aeabi_fadd
    imu_ekf.o(i.EKFupdata) refers to imu_ekf.o(.bss) for X
    imu_ekf.o(i.EKFupdata) refers to arm_mat_trans_f32.o(.text) for arm_mat_trans_f32
    imu_ekf.o(i.EKFupdata) refers to arm_mat_mult_f32.o(.text) for arm_mat_mult_f32
    imu_ekf.o(i.EKFupdata) refers to arm_mat_add_f32.o(.text) for arm_mat_add_f32
    imu_ekf.o(i.EKFupdata) refers to arm_mat_inverse_f32.o(.text) for arm_mat_inverse_f32
    imu_ekf.o(i.EKFupdata) refers to fastmath.o(i.FastSqrtI) for FastSqrtI
    imu_ekf.o(i.EKFupdata) refers to imu_ekf.o(.data) for FT_matrix
    imu_ekf.o(i.EKFupdata) refers to arm_mat_sub_f32.o(.text) for arm_mat_sub_f32
    imu_ekf.o(i.Init_ekf) refers to arm_mat_init_f32.o(.text) for arm_mat_init_f32
    imu_ekf.o(i.Init_ekf) refers to matrix.o(i.arm_mat_zero_f32) for arm_mat_zero_f32
    imu_ekf.o(i.Init_ekf) refers to matrix.o(i.arm_mat_identity_f32) for arm_mat_identity_f32
    imu_ekf.o(i.Init_ekf) refers to fastmath.o(i.FastSin) for FastSin
    imu_ekf.o(i.Init_ekf) refers to fastmath.o(i.FastCos) for FastCos
    imu_ekf.o(i.Init_ekf) refers to imu_ekf.o(.bss) for X
    imu_ekf.o(i.Init_ekf) refers to imu_ekf.o(.data) for X_matrix
    imu_ekf.o(i.QUAT_GetAngle) refers to fmul.o(x$fpl$fmul) for __aeabi_fmul
    imu_ekf.o(i.QUAT_GetAngle) refers to faddsub_clz.o(x$fpl$fadd) for __aeabi_fadd
    imu_ekf.o(i.QUAT_GetAngle) refers to faddsub_clz.o(x$fpl$fsub) for __aeabi_fsub
    imu_ekf.o(i.QUAT_GetAngle) refers to fastmath.o(i.FastAtan2) for FastAtan2
    imu_ekf.o(i.QUAT_GetAngle) refers to feqf.o(x$fpl$feqf) for __aeabi_cfcmpeq
    imu_ekf.o(i.QUAT_GetAngle) refers to frleqf.o(x$fpl$frleqf) for __aeabi_cfrcmple
    imu_ekf.o(i.QUAT_GetAngle) refers to fleqf.o(x$fpl$fleqf) for __aeabi_cfcmple
    imu_ekf.o(i.QUAT_GetAngle) refers to fastmath.o(i.FastAsin) for FastAsin
    imu_ekf.o(i.QUAT_GetAngle) refers to imu_ekf.o(.bss) for X
    fastmath.o(i.FastAsin) refers to fleqf.o(x$fpl$fleqf) for __aeabi_cfcmple
    fastmath.o(i.FastAsin) refers to frleqf.o(x$fpl$frleqf) for __aeabi_cfrcmple
    fastmath.o(i.FastAsin) refers to faddsub_clz.o(x$fpl$fsub) for __aeabi_fsub
    fastmath.o(i.FastAsin) refers to fmul.o(x$fpl$fmul) for __aeabi_fmul
    fastmath.o(i.FastAsin) refers to fastmath.o(i.FastSqrt) for FastSqrt
    fastmath.o(i.FastAsin) refers to faddsub_clz.o(x$fpl$fadd) for __aeabi_fadd
    fastmath.o(i.FastAsin) refers to fdiv.o(x$fpl$fdiv) for __aeabi_fdiv
    fastmath.o(i.FastAtan2) refers to feqf.o(x$fpl$feqf) for __aeabi_cfcmpeq
    fastmath.o(i.FastAtan2) refers to frleqf.o(x$fpl$frleqf) for __aeabi_cfrcmple
    fastmath.o(i.FastAtan2) refers to fleqf.o(x$fpl$fleqf) for __aeabi_cfcmple
    fastmath.o(i.FastAtan2) refers to fdiv.o(x$fpl$fdiv) for __aeabi_fdiv
    fastmath.o(i.FastAtan2) refers to fmul.o(x$fpl$fmul) for __aeabi_fmul
    fastmath.o(i.FastAtan2) refers to faddsub_clz.o(x$fpl$fsub) for __aeabi_fsub
    fastmath.o(i.FastAtan2) refers to faddsub_clz.o(x$fpl$fadd) for __aeabi_fadd
    fastmath.o(i.FastAtan2) refers to fastmath.o(.constdata) for a
    fastmath.o(i.FastCos) refers to fmul.o(x$fpl$fmul) for __aeabi_fmul
    fastmath.o(i.FastCos) refers to faddsub_clz.o(x$fpl$fadd) for __aeabi_fadd
    fastmath.o(i.FastCos) refers to ffix.o(x$fpl$ffix) for __aeabi_f2iz
    fastmath.o(i.FastCos) refers to fleqf.o(x$fpl$fleqf) for __aeabi_cfcmple
    fastmath.o(i.FastCos) refers to fflt_clz.o(x$fpl$fflt) for __aeabi_i2f
    fastmath.o(i.FastCos) refers to faddsub_clz.o(x$fpl$frsb) for __aeabi_frsub
    fastmath.o(i.FastCos) refers to ffixu.o(x$fpl$ffixu) for __aeabi_f2uiz
    fastmath.o(i.FastCos) refers to fflt_clz.o(x$fpl$ffltu) for __aeabi_ui2f
[...]
    ../fplib/dretinf.s                       0x00000000   Number         0  dretinf.o ABSOLUTE
    ../fplib/f2d.s                           0x00000000   Number         0  f2d.o ABSOLUTE
    ../fplib/faddsub.s                       0x00000000   Number         0  faddsub_clz.o ABSOLUTE
    ../fplib/fcmpi.s                         0x00000000   Number         0  fcmpi.o ABSOLUTE
    ../fplib/fdiv.s                          0x00000000   Number         0  fdiv.o ABSOLUTE
    ../fplib/feqf.s                          0x00000000   Number         0  feqf.o ABSOLUTE
    ../fplib/ffix.s                          0x00000000   Number         0  ffix.o ABSOLUTE
    ../fplib/ffixu.s                         0x00000000   Number         0  ffixu.o ABSOLUTE
    ../fplib/fflt.s                          0x00000000   Number         0  fflt_clz.o ABSOLUTE
    ../fplib/fleqf.s                         0x00000000   Number         0  fleqf.o ABSOLUTE
    ../fplib/fmul.s                          0x00000000   Number         0  fmul.o ABSOLUTE
    ../fplib/fnaninf.s                       0x00000000   Number         0  fnaninf.o ABSOLUTE
    ../fplib/fpinit.s                        0x00000000   Number         0  fpinit.o ABSOLUTE
    ../fplib/fretinf.s                       0x00000000   Number         0  fretinf.o ABSOLUTE
    ../fplib/frleqf.s                        0x00000000   Number         0  frleqf.o ABSOLUTE
    ../fplib/fsqrt.s                         0x00000000   Number         0  fsqrt.o ABSOLUTE
    ../fplib/istatus.s                       0x00000000   Number         0  istatus.o ABSOLUTE
    ../fplib/printf1.s                       0x00000000   Number         0  printf1.o ABSOLUTE
    ../fplib/usenofp.s                       0x00000000   Number         0  usenofp.o ABSOLUTE
    ../mathlib/fpclassify.c                  0x00000000   Number         0  fpclassify.o ABSOLUTE
    ../mathlib/sqrtf.c                       0x00000000   Number         0  sqrtf_x.o ABSOLUTE
    ../mathlib/sqrtf.c                       0x00000000   Number         0  sqrtf.o ABSOLUTE
    ..\..\Source\MatrixFunctions\arm_mat_add_f32.c 0x00000000   Number         0  arm_mat_add_f32.o ABSOLUTE
    ..\..\Source\MatrixFunctions\arm_mat_init_f32.c 0x00000000   Number         0  arm_mat_init_f32.o ABSOLUTE
    ..\..\Source\MatrixFunctions\arm_mat_inverse_f32.c 0x00000000   Number         0  arm_mat_inverse_f32.o ABSOLUTE
    ..\..\Source\MatrixFunctions\arm_mat_mult_f32.c 0x00000000   Number         0  arm_mat_mult_f32.o ABSOLUTE
    ..\..\Source\MatrixFunctions\arm_mat_sub_f32.c 0x00000000   Number         0  arm_mat_sub_f32.o ABSOLUTE
    ..\..\Source\MatrixFunctions\arm_mat_trans_f32.c 0x00000000   Number         0  arm_mat_trans_f32.o ABSOLUTE
    ..\..\Source\SupportFunctions\arm_fill_f32.c 0x00000000   Number         0  arm_fill_f32.o ABSOLUTE
    ..\\..\\Source\\MatrixFunctions\\arm_mat_add_f32.c 0x00000000   Number         0  arm_mat_add_f32.o ABSOLUTE
    ..\\..\\Source\\MatrixFunctions\\arm_mat_init_f32.c 0x00000000   Number         0  arm_mat_init_f32.o ABSOLUTE
    ..\\..\\Source\\MatrixFunctions\\arm_mat_inverse_f32.c 0x00000000   Number         0  arm_mat_inverse_f32.o ABSOLUTE
    ..\\..\\Source\\MatrixFunctions\\arm_mat_mult_f32.c 0x00000000   Number         0  arm_mat_mult_f32.o ABSOLUTE
    ..\\..\\Source\\MatrixFunctions\\arm_mat_sub_f32.c 0x00000000   Number         0  arm_mat_sub_f32.o ABSOLUTE
    ..\\..\\Source\\MatrixFunctions\\arm_mat_trans_f32.c 0x00000000   Number         0  arm_mat_trans_f32.o ABSOLUTE
    ..\\..\\Source\\SupportFunctions\\arm_fill_f32.c 0x00000000   Number         0  arm_fill_f32.o ABSOLUTE
    C:\Keil_v5\ARM\PACK\Keil\STM32F1xx_DFP\2.2.0\Device\StdPeriph_Driver\src\misc.c 0x00000000   Number         0  misc.o ABSOLUTE
    C:\Keil_v5\ARM\PACK\Keil\STM32F1xx_DFP\2.2.0\Device\StdPeriph_Driver\src\stm32f10x_flash.c 0x00000000   Number         0  stm32f10x_flash.o ABSOLUTE
    C:\Keil_v5\ARM\PACK\Keil\STM32F1xx_DFP\2.2.0\Device\StdPeriph_Driver\src\stm32f10x_gpio.c 0x00000000   Number         0  stm32f10x_gpio.o ABSOLUTE
    C:\Keil_v5\ARM\PACK\Keil\STM32F1xx_DFP\2.2.0\Device\StdPeriph_Driver\src\stm32f10x_i2c.c 0x00000000   Number         0  stm32f10x_i2c.o ABSOLUTE
    C:\Keil_v5\ARM\PACK\Keil\STM32F1xx_DFP\2.2.0\Device\StdPeriph_Driver\src\stm32f10x_rcc.c 0x00000000   Number         0  stm32f10x_rcc.o ABSOLUTE
    C:\Keil_v5\ARM\PACK\Keil\STM32F1xx_DFP\2.2.0\Device\StdPeriph_Driver\src\stm32f10x_tim.c 0x00000000   Number         0  stm32f10x_tim.o ABSOLUTE
    C:\Keil_v5\ARM\PACK\Keil\STM32F1xx_DFP\2.2.0\Device\StdPeriph_Driver\src\stm32f10x_usart.c 0x00000000   Number         0  stm32f10x_usart.o ABSOLUTE
    C:\Keil_v5\ARM\PACK\Keil\STM32F1xx_DFP\2.2.0\RTE_Driver\GPIO_STM32F10x.c 0x00000000   Number         0  gpio_stm32f10x.o ABSOLUTE
    C:\\Keil_v5\\ARM\\PACK\\Keil\\STM32F1xx_DFP\\2.2.0\\Device\\StdPeriph_Driver\\src\\misc.c 0x00000000   Number         0  misc.o ABSOLUTE
    C:\\Keil_v5\\ARM\\PACK\\Keil\\STM32F1xx_DFP\\2.2.0\\Device\\StdPeriph_Driver\\src\\stm32f10x_flash.c 0x00000000   Number         0  stm32f10x_flash.o ABSOLUTE
    C:\\Keil_v5\\ARM\\PACK\\Keil\\STM32F1xx_DFP\\2.2.0\\Device\\StdPeriph_Driver\\src\\stm32f10x_gpio.c 0x00000000   Number         0  stm32f10x_gpio.o ABSOLUTE
    C:\\Keil_v5\\ARM\\PACK\\Keil\\STM32F1xx_DFP\\2.2.0\\Device\\StdPeriph_Driver\\src\\stm32f10x_i2c.c 0x00000000   Number         0  stm32f10x_i2c.o ABSOLUTE
    C:\\Keil_v5\\ARM\\PACK\\Keil\\STM32F1xx_DFP\\2.2.0\\Device\\StdPeriph_Driver\\src\\stm32f10x_rcc.c 0x00000000   Number         0  stm32f10x_rcc.o ABSOLUTE
    C:\\Keil_v5\\ARM\\PACK\\Keil\\STM32F1xx_DFP\\2.2.0\\Device\\StdPeriph_Driver\\src\\stm32f10x_tim.c 0x00000000   Number         0  stm32f10x_tim.o ABSOLUTE
    C:\\Keil_v5\\ARM\\PACK\\Keil\\STM32F1xx_DFP\\2.2.0\\Device\\StdPeriph_Driver\\src\\stm32f10x_usart.c 0x00000000   Number         0  stm32f10x_usart.o ABSOLUTE
    C:\\Keil_v5\\ARM\\PACK\\Keil\\STM32F1xx_DFP\\2.2.0\\RTE_Driver\\GPIO_STM32F10x.c 0x00000000   Number         0  gpio_stm32f10x.o ABSOLUTE
    Math\FastMath.c                          0x00000000   Number         0  fastmath.o ABSOLUTE
    Math\Matrix.c                            0x00000000   Number         0  matrix.o ABSOLUTE
    Math\Quaternion.c                        0x00000000   Number         0  quaternion.o ABSOLUTE
    Math\\Matrix.c                           0x00000000   Number         0  matrix.o ABSOLUTE
    RTE\Device\STM32F103TB\startup_stm32f10x_md.s 0x00000000   Number         0  startup_stm32f10x_md.o ABSOLUTE
    RTE\Device\STM32F103TB\system_stm32f10x.c 0x00000000   Number         0  system_stm32f10x.o ABSOLUTE
    RTE\\Device\\STM32F103TB\\system_stm32f10x.c 0x00000000   Number         0  system_stm32f10x.o ABSOLUTE
    SYSTEM\\delay.c                          0x00000000   Number         0  delay.o ABSOLUTE
    SYSTEM\delay.c                           0x00000000   Number         0  delay.o ABSOLUTE
    USER\\main.c                             0x00000000   Number         0  main.o ABSOLUTE
    USER\main.c                              0x00000000   Number         0  main.o ABSOLUTE
    algrithm\IMU_EKF.c                       0x00000000   Number         0  imu_ekf.o ABSOLUTE
    algrithm\\IMU_EKF.c                      0x00000000   Number         0  imu_ekf.o ABSOLUTE
    dc.s                                     0x00000000   Number         0  dc.o ABSOLUTE
    drive\EpRomData.c                        0x00000000   Number         0  epromdata.o ABSOLUTE
    drive\IOI2C.c                            0x00000000   Number         0  ioi2c.o ABSOLUTE
    drive\\EpRomData.c                       0x00000000   Number         0  epromdata.o ABSOLUTE
    drive\\IOI2C.c                           0x00000000   Number         0  ioi2c.o ABSOLUTE
    drive\\led.c                             0x00000000   Number         0  led.o ABSOLUTE
    drive\\mpu9250.c                         0x00000000   Number         0  mpu9250.o ABSOLUTE
    drive\\timer.c                           0x00000000   Number         0  timer.o ABSOLUTE
    drive\\usart.c                           0x00000000   Number         0  usart.o ABSOLUTE
    drive\led.c                              0x00000000   Number         0  led.o ABSOLUTE
    drive\mpu9250.c                          0x00000000   Number         0  mpu9250.o ABSOLUTE
    drive\timer.c                            0x00000000   Number         0  timer.o ABSOLUTE
    drive\usart.c                            0x00000000   Number         0  usart.o ABSOLUTE
    RESET                                    0x08000000   Section      236  startup_stm32f10x_md.o(RESET)
    !!!main                                  0x080000ec   Section        8  __main.o(!!!main)
    !!!scatter                               0x080000f4   Section       52  __scatter.o(!!!scatter)
    !!handler_copy                           0x08000128   Section       26  __scatter_copy.o(!!handler_copy)
    !!handler_zi                             0x08000144   Section       28  __scatter_zi.o(!!handler_zi)
    .ARM.Collect$$_printf_percent$$00000000  0x08000160   Section        0  _printf_percent.o(.ARM.Collect$$_printf_percent$$00000000)
    .ARM.Collect$$_printf_percent$$00000003  0x08000160   Section        6  _printf_f.o(.ARM.Collect$$_printf_percent$$00000003)
    .ARM.Collect$$_printf_percent$$0000000C  0x08000166   Section        6  _printf_x.o(.ARM.Collect$$_printf_percent$$0000000C)
    .ARM.Collect$$_printf_percent$$00000017  0x0800016c   Section        4  _printf_percent_end.o(.ARM.Collect$$_printf_percent$$00000017)
    .ARM.Collect$$libinit$$00000000          0x08000170   Section        2  libinit.o(.ARM.Collect$$libinit$$00000000)
    .ARM.Collect$$libinit$$00000002          0x08000172   Section        0  libinit2.o(.ARM.Collect$$libinit$$00000002)
    .ARM.Collect$$libinit$$00000004          0x08000172   Section        0  libinit2.o(.ARM.Collect$$libinit$$00000004)
    .ARM.Collect$$libinit$$0000000A          0x08000172   Section        0  libinit2.o(.ARM.Collect$$libinit$$0000000A)
    .ARM.Collect$$libinit$$0000000C          0x08000172   Section        0  libinit2.o(.ARM.Collect$$libinit$$0000000C)
    .ARM.Collect$$libinit$$0000000E          0x08000172   Section        0  libinit2.o(.ARM.Collect$$libinit$$0000000E)
    .ARM.Collect$$libinit$$0000000F          0x08000172   Section        6  libinit2.o(.ARM.Collect$$libinit$$0000000F)
    .ARM.Collect$$libinit$$00000011          0x08000178   Section        0  libinit2.o(.ARM.Collect$$libinit$$00000011)
    .ARM.Collect$$libinit$$00000013          0x08000178   Section        0  libinit2.o(.ARM.Collect$$libinit$$00000013)
    .ARM.Collect$$libinit$$00000015          0x08000178   Section        0  libinit2.o(.ARM.Collect$$libinit$$00000015)
    .ARM.Collect$$libinit$$00000016          0x08000178   Section       10  libinit2.o(.ARM.Collect$$libinit$$00000016)
    .ARM.Collect$$libinit$$00000017          0x08000182   Section        0  libinit2.o(.ARM.Collect$$libinit$$00000017)
    .ARM.Collect$$libinit$$00000019          0x08000182   Section        0  libinit2.o(.ARM.Collect$$libinit$$00000019)
    .ARM.Collect$$libinit$$0000001B          0x08000182   Section        0  libinit2.o(.ARM.Collect$$libinit$$0000001B)
    .ARM.Collect$$libinit$$0000001D          0x08000182   Section        0  libinit2.o(.ARM.Collect$$libinit$$0000001D)
    .ARM.Collect$$libinit$$0000001F          0x08000182   Section        0  libinit2.o(.ARM.Collect$$libinit$$0000001F)
    .ARM.Collect$$libinit$$00000021          0x08000182   Section        0  libinit2.o(.ARM.Collect$$libinit$$00000021)
    .ARM.Collect$$libinit$$00000023          0x08000182   Section        0  libinit2.o(.ARM.Collect$$libinit$$00000023)
    .ARM.Collect$$libinit$$00000025          0x08000182   Section        0  libinit2.o(.ARM.Collect$$libinit$$00000025)
    .ARM.Collect$$libinit$$0000002C          0x08000182   Section        0  libinit2.o(.ARM.Collect$$libinit$$0000002C)
    .ARM.Collect$$libinit$$0000002E          0x08000182   Section        0  libinit2.o(.ARM.Collect$$libinit$$0000002E)
    .ARM.Collect$$libinit$$00000030          0x08000182   Section        0  libinit2.o(.ARM.Collect$$libinit$$00000030)
    .ARM.Collect$$libinit$$00000032          0x08000182   Section        0  libinit2.o(.ARM.Collect$$libinit$$00000032)
    .ARM.Collect$$libinit$$00000033          0x08000182   Section        2  libinit2.o(.ARM.Collect$$libinit$$00000033)
    .ARM.Collect$$libshutdown$$00000000      0x08000184   Section        2  libshutdown.o(.ARM.Collect$$libshutdown$$00000000)
    .ARM.Collect$$libshutdown$$00000002      0x08000186   Section        0  libshutdown2.o(.ARM.Collect$$libshutdown$$00000002)
    .ARM.Collect$$libshutdown$$00000004      0x08000186   Section        0  libshutdown2.o(.ARM.Collect$$libshutdown$$00000004)
    .ARM.Collect$$libshutdown$$00000007      0x08000186   Section        0  libshutdown2.o(.ARM.Collect$$libshutdown$$00000007)
    .ARM.Collect$$libshutdown$$0000000A      0x08000186   Section        0  libshutdown2.o(.ARM.Collect$$libshutdown$$0000000A)
    .ARM.Collect$$libshutdown$$0000000C      0x08000186   Section        0  libshutdown2.o(.ARM.Collect$$libshutdown$$0000000C)
    .ARM.Collect$$libshutdown$$0000000F      0x08000186   Section        0  libshutdown2.o(.ARM.Collect$$libshutdown$$0000000F)
    .ARM.Collect$$libshutdown$$00000010      0x08000186   Section        2  libshutdown2.o(.ARM.Collect$$libshutdown$$00000010)
    .ARM.Collect$$rtentry$$00000000          0x08000188   Section        0  __rtentry.o(.ARM.Collect$$rtentry$$00000000)
    .ARM.Collect$$rtentry$$00000002          0x08000188   Section        0  __rtentry2.o(.ARM.Collect$$rtentry$$00000002)
    .ARM.Collect$$rtentry$$00000004          0x08000188   Section        6  __rtentry4.o(.ARM.Collect$$rtentry$$00000004)
    .ARM.Collect$$rtentry$$00000009          0x0800018e   Section        0  __rtentry2.o(.ARM.Collect$$rtentry$$00000009)
    .ARM.Collect$$rtentry$$0000000A          0x0800018e   Section        4  __rtentry2.o(.ARM.Collect$$rtentry$$0000000A)
    .ARM.Collect$$rtentry$$0000000C          0x08000192   Section        0  __rtentry2.o(.ARM.Collect$$rtentry$$0000000C)
    .ARM.Collect$$rtentry$$0000000D          0x08000192   Section        8  __rtentry2.o(.ARM.Collect$$rtentry$$0000000D)
    .ARM.Collect$$rtexit$$00000000           0x0800019a   Section        2  rtexit.o(.ARM.Collect$$rtexit$$00000000)
    .ARM.Collect$$rtexit$$00000002           0x0800019c   Section        0  rtexit2.o(.ARM.Collect$$rtexit$$00000002)
    .ARM.Collect$$rtexit$$00000003           0x0800019c   Section        4  rtexit2.o(.ARM.Collect$$rtexit$$00000003)
    .ARM.Collect$$rtexit$$00000004           0x080001a0   Section        6  rtexit2.o(.ARM.Collect$$rtexit$$00000004)
    .text                                    0x080001a8   Section       64  startup_stm32f10x_md.o(.text)
    .text                                    0x080001e8   Section        0  arm_mat_init_f32.o(.text)
    .text                                    0x080001f0   Section        2  use_no_semi_2.o(.text)
    .text                                    0x080001f4   Section        0  noretval__2printf.o(.text)
    .text                                    0x0800020c   Section        0  __printf.o(.text)
    .text                                    0x08000274   Section        0  _printf_hex_int.o(.text)
    .text                                    0x080002cc   Section        0  heapauxi.o(.text)
    .text                                    0x080002d2   Section        2  use_no_semi.o(.text)
    .text                                    0x080002d4   Section        0  _printf_intcommon.o(.text)
    .text                                    0x08000386   Section        0  _printf_fp_dec.o(.text)
    _fp_digits                               0x08000389   Thumb Code   428  _printf_fp_dec.o(.text)
    .text                                    0x080007a0   Section        0  _printf_char_file.o(.text)
    .text                                    0x080007c4   Section        8  rt_locale_intlibspace.o(.text)
    .text                                    0x080007cc   Section      138  lludiv10.o(.text)
    .text                                    0x08000858   Section        0  _printf_char_common.o(.text)
    _printf_input_char                       0x08000859   Thumb Code    10  _printf_char_common.o(.text)
    .text                                    0x08000888   Section        0  _printf_fp_infnan.o(.text)
    .text                                    0x08000908   Section        0  bigflt0.o(.text)
    .text                                    0x080009e4   Section        0  ferror.o(.text)
    .text                                    0x080009ec   Section        8  libspace.o(.text)
    .text                                    0x080009f4   Section       74  sys_stackheap_outer.o(.text)
    .text                                    0x08000a3e   Section        0  exit.o(.text)
    .text                                    0x08000a50   Section      128  strcmpv7m.o(.text)
    CL$$btod_d2e                             0x08000ad0   Section       62  btod.o(CL$$btod_d2e)
    CL$$btod_d2e_denorm_low                  0x08000b0e   Section       70  btod.o(CL$$btod_d2e_denorm_low)
    CL$$btod_d2e_norm_op1                    0x08000b54   Section       96  btod.o(CL$$btod_d2e_norm_op1)
    CL$$btod_div_common                      0x08000bb4   Section      824  btod.o(CL$$btod_div_common)
    CL$$btod_e2e                             0x08000eec   Section      198  btod.o(CL$$btod_e2e)
    CL$$btod_ediv                            0x08000fb2   Section       40  btod.o(CL$$btod_ediv)
    CL$$btod_emul                            0x08000fda   Section       40  btod.o(CL$$btod_emul)
    CL$$btod_mult_common                     0x08001002   Section      580  btod.o(CL$$btod_mult_common)
    i.FLASH_ErasePage                        0x08001248   Section        0  stm32f10x_flash.o(i.FLASH_ErasePage)
    i.FLASH_GetBank1Status                   0x08001294   Section        0  stm32f10x_flash.o(i.FLASH_GetBank1Status)
    i.FLASH_Lock                             0x080012c8   Section        0  stm32f10x_flash.o(i.FLASH_Lock)
    i.FLASH_ProgramHalfWord                  0x080012dc   Section        0  stm32f10x_flash.o(i.FLASH_ProgramHalfWord)
    i.FLASH_Unlock                           0x0800131c   Section        0  stm32f10x_flash.o(i.FLASH_Unlock)
    i.FLASH_WaitForLastOperation             0x08001334   Section        0  stm32f10x_flash.o(i.FLASH_WaitForLastOperation)
    i.FastCos                                0x0800135c   Section        0  fastmath.o(i.FastCos)
    i.FastSin                                0x08001408   Section        0  fastmath.o(i.FastSin)
    i.GPIO_Init                              0x080014a8   Section        0  stm32f10x_gpio.o(i.GPIO_Init)
    i.GPIO_ResetBits                         0x080015be   Section        0  stm32f10x_gpio.o(i.GPIO_ResetBits)
    i.GPIO_SetBits                           0x080015c2   Section        0  stm32f10x_gpio.o(i.GPIO_SetBits)
    i.IIC_Ack                                0x080015c8   Section        0  ioi2c.o(i.IIC_Ack)
    i.IIC_Init                               0x08001618   Section        0  ioi2c.o(i.IIC_Init)
    i.IIC_NAck                               0x08001644   Section        0  ioi2c.o(i.IIC_NAck)
    i.IIC_Read_Byte                          0x08001694   Section        0  ioi2c.o(i.IIC_Read_Byte)
    i.IIC_Send_Byte                          0x08001704   Section        0  ioi2c.o(i.IIC_Send_Byte)
    i.IIC_Start                              0x0800176c   Section        0  ioi2c.o(i.IIC_Start)
    i.IIC_Stop                               0x080017b8   Section        0  ioi2c.o(i.IIC_Stop)
    i.IIC_Wait_Ack                           0x08001804   Section        0  ioi2c.o(i.IIC_Wait_Ack)
    i.IMU_I2C_Read                           0x0800186c   Section        0  ioi2c.o(i.IMU_I2C_Read)
    i.IMU_I2C_Write                          0x080018d0   Section        0  ioi2c.o(i.IMU_I2C_Write)
    i.Init_ekf                               0x08001900   Section        0  imu_ekf.o(i.Init_ekf)
    i.Initial_Timer2AndTimer3                0x08001b34   Section        0  timer.o(i.Initial_Timer2AndTimer3)
    i.LED_Init                               0x08001bf8   Section        0  led.o(i.LED_Init)
    i.Load_IMUconfig                         0x08001c2c   Section        0  epromdata.o(i.Load_IMUconfig)
    i.MPU9250_Init                           0x08001ca4   Section        0  mpu9250.o(i.MPU9250_Init)
    i.MeanFilter_Mpu6050                     0x080020c0   Section        0  mpu9250.o(i.MeanFilter_Mpu6050)
    MeanFilter_Mpu6050                       0x080020c1   Thumb Code   190  mpu9250.o(i.MeanFilter_Mpu6050)
    i.NVIC_Init                              0x08002188   Section        0  misc.o(i.NVIC_Init)
    i.RCC_APB1PeriphClockCmd                 0x080021f8   Section        0  stm32f10x_rcc.o(i.RCC_APB1PeriphClockCmd)
    i.RCC_APB2PeriphClockCmd                 0x08002218   Section        0  stm32f10x_rcc.o(i.RCC_APB2PeriphClockCmd)
    i.RCC_GetClocksFreq                      0x08002238   Section        0  stm32f10x_rcc.o(i.RCC_GetClocksFreq)
    i.READ_MPU9250_RawAccGyro                0x0800230c   Section        0  mpu9250.o(i.READ_MPU9250_RawAccGyro)
    i.READ_MPU9250_RawMag                    0x080023c4   Section        0  mpu9250.o(i.READ_MPU9250_RawMag)
    i.SetSysClock                            0x08002426   Section        0  system_stm32f10x.o(i.SetSysClock)
    SetSysClock                              0x08002427   Thumb Code     8  system_stm32f10x.o(i.SetSysClock)
    i.SetSysClockTo72                        0x08002430   Section        0  system_stm32f10x.o(i.SetSysClockTo72)
    SetSysClockTo72                          0x08002431   Thumb Code   214  system_stm32f10x.o(i.SetSysClockTo72)
    i.SystemInit                             0x08002510   Section        0  system_stm32f10x.o(i.SystemInit)
    i.TIM_ARRPreloadConfig                   0x08002570   Section        0  stm32f10x_tim.o(i.TIM_ARRPreloadConfig)
    i.TIM_Cmd                                0x08002588   Section        0  stm32f10x_tim.o(i.TIM_Cmd)
    i.TIM_PrescalerConfig                    0x080025a0   Section        0  stm32f10x_tim.o(i.TIM_PrescalerConfig)
    i.TIM_SelectInputTrigger                 0x080025a6   Section        0  stm32f10x_tim.o(i.TIM_SelectInputTrigger)
    i.TIM_SelectMasterSlaveMode              0x080025b8   Section        0  stm32f10x_tim.o(i.TIM_SelectMasterSlaveMode)
    i.TIM_SelectOutputTrigger                0x080025ca   Section        0  stm32f10x_tim.o(i.TIM_SelectOutputTrigger)
    i.TIM_SelectSlaveMode                    0x080025dc   Section        0  stm32f10x_tim.o(i.TIM_SelectSlaveMode)
    i.TIM_TimeBaseInit                       0x080025f0   Section        0  stm32f10x_tim.o(i.TIM_TimeBaseInit)
    i.TIM_TimeBaseStructInit                 0x08002694   Section        0  stm32f10x_tim.o(i.TIM_TimeBaseStructInit)
    i.TIM_UpdateDisableConfig                0x080026a6   Section        0  stm32f10x_tim.o(i.TIM_UpdateDisableConfig)
    i.TIM_UpdateRequestConfig                0x080026be   Section        0  stm32f10x_tim.o(i.TIM_UpdateRequestConfig)
    i.UART1_PublishMotion                    0x080026d6   Section        0  usart.o(i.UART1_PublishMotion)
    i.UART1_Put_Char                         0x08002894   Section        0  usart.o(i.UART1_Put_Char)
    i.USART1_IRQHandler                      0x080028b0   Section        0  usart.o(i.USART1_IRQHandler)
    i.USART_ClearITPendingBit                0x08002988   Section        0  stm32f10x_usart.o(i.USART_ClearITPendingBit)
    i.USART_Cmd                              0x080029a6   Section        0  stm32f10x_usart.o(i.USART_Cmd)
    i.USART_GetITStatus                      0x080029be   Section        0  stm32f10x_usart.o(i.USART_GetITStatus)
    i.USART_ITConfig                         0x08002a12   Section        0  stm32f10x_usart.o(i.USART_ITConfig)
    i.USART_Init                             0x08002a5c   Section        0  stm32f10x_usart.o(i.USART_Init)
    i.USART_ReceiveData                      0x08002b34   Section        0  stm32f10x_usart.o(i.USART_ReceiveData)
    i.Write_IMUconfig                        0x08002b40   Section        0  epromdata.o(i.Write_IMUconfig)
    i.__ARM_fpclassify                       0x08002b80   Section        0  fpclassify.o(i.__ARM_fpclassify)
    i._sys_exit                              0x08002ba8   Section        0  usart.o(i._sys_exit)
    i.arm_mat_identity_f32                   0x08002bae   Section        0  matrix.o(i.arm_mat_identity_f32)
    i.arm_mat_zero_f32                       0x08002bda   Section        0  matrix.o(i.arm_mat_zero_f32)
    i.delay_ms                               0x08002bfa   Section        0  delay.o(i.delay_ms)
    i.delay_us                               0x08002c12   Section        0  delay.o(i.delay_us)
    i.fputc                                  0x08002c2c   Section        0  usart.o(i.fputc)
    i.get_MPU9250_DATA                       0x08002c48   Section        0  mpu9250.o(i.get_MPU9250_DATA)
    i.main                                   0x08002e84   Section        0  main.o(i.main)
    i.micros                                 0x08002ee8   Section        0  timer.o(i.micros)
    i.sys_Initial                            0x08002f00   Section        0  main.o(i.sys_Initial)
    i.uart1_init                             0x08002f30   Section        0  usart.o(i.uart1_init)
    locale$$code                             0x08002fd0   Section       44  lc_numeric_c.o(locale$$code)
    x$fpl$dretinf                            0x08002ffc   Section       12  dretinf.o(x$fpl$dretinf)
    x$fpl$f2d                                0x08003008   Section       86  f2d.o(x$fpl$f2d)
    x$fpl$fadd                               0x08003060   Section      196  faddsub_clz.o(x$fpl$fadd)
    _fadd1                                   0x0800306f   Thumb Code     0  faddsub_clz.o(x$fpl$fadd)
    x$fpl$fcmpinf                            0x08003124   Section       24  fcmpi.o(x$fpl$fcmpinf)
    x$fpl$fdiv                               0x0800313c   Section      388  fdiv.o(x$fpl$fdiv)
    _fdiv1                                   0x0800313d   Thumb Code     0  fdiv.o(x$fpl$fdiv)
    x$fpl$ffix                               0x080032c0   Section       54  ffix.o(x$fpl$ffix)
    x$fpl$ffixu                              0x080032f8   Section       62  ffixu.o(x$fpl$ffixu)
    x$fpl$fflt                               0x08003338   Section       48  fflt_clz.o(x$fpl$fflt)
    x$fpl$ffltu                              0x08003368   Section       38  fflt_clz.o(x$fpl$ffltu)
    x$fpl$fleqf                              0x08003390   Section      104  fleqf.o(x$fpl$fleqf)
    x$fpl$fmul                               0x080033f8   Section      258  fmul.o(x$fpl$fmul)
    x$fpl$fnaninf                            0x080034fa   Section      140  fnaninf.o(x$fpl$fnaninf)
    x$fpl$fretinf                            0x08003586   Section       10  fretinf.o(x$fpl$fretinf)
    x$fpl$frsb                               0x08003590   Section       20  faddsub_clz.o(x$fpl$frsb)
    x$fpl$fsub                               0x080035a4   Section      234  faddsub_clz.o(x$fpl$fsub)
    _fsub1                                   0x080035b3   Thumb Code     0  faddsub_clz.o(x$fpl$fsub)
    x$fpl$printf1                            0x0800368e   Section        4  printf1.o(x$fpl$printf1)
    x$fpl$usenofp                            0x08003692   Section        0  usenofp.o(x$fpl$usenofp)
    .constdata                               0x08003694   Section     2176  fastmath.o(.constdata)
    a1l                                      0x08003e98   Data          72  fastmath.o(.constdata)
    a2l                                      0x08003ee0   Data          36  fastmath.o(.constdata)
    a                                        0x08003f04   Data          16  fastmath.o(.constdata)
    .constdata                               0x08003f14   Section       40  _printf_hex_int.o(.constdata)
    uc_hextab                                0x08003f14   Data          20  _printf_hex_int.o(.constdata)
    lc_hextab                                0x08003f28   Data          20  _printf_hex_int.o(.constdata)
    .constdata                               0x08003f3c   Section      148  bigflt0.o(.constdata)
    tenpwrs_x                                0x08003f3c   Data          60  bigflt0.o(.constdata)
    tenpwrs_i                                0x08003f78   Data          64  bigflt0.o(.constdata)
    locale$$data                             0x08003ff0   Section       28  lc_numeric_c.o(locale$$data)
    __lcnum_c_name                           0x08003ff4   Data           2  lc_numeric_c.o(locale$$data)
    __lcnum_c_start                          0x08003ffc   Data           0  lc_numeric_c.o(locale$$data)
    __lcnum_c_point                          0x08004008   Data           0  lc_numeric_c.o(locale$$data)
    __lcnum_c_thousands                      0x0800400a   Data           0  lc_numeric_c.o(locale$$data)
    __lcnum_c_grouping                       0x0800400b   Data           0  lc_numeric_c.o(locale$$data)
    __lcnum_c_end                            0x0800400c   Data           0  lc_numeric_c.o(locale$$data)
    .data                                    0x20000000   Section      144  imu_ekf.o(.data)
    .data                                    0x20000090   Section       80  mpu9250.o(.data)
    MPU6050_FIFO_PTR                         0x20000090   Data           1  mpu9250.o(.data)
    .data                                    0x200000e0   Section        8  usart.o(.data)
    .data                                    0x200000e8   Section       20  stm32f10x_rcc.o(.data)
    APBAHBPrescTable                         0x200000e8   Data          16  stm32f10x_rcc.o(.data)
    ADCPrescTable                            0x200000f8   Data           4  stm32f10x_rcc.o(.data)
    .bss                                     0x200000fc   Section     6512  imu_ekf.o(.bss)
    .bss                                     0x20001a6c   Section      232  mpu9250.o(.bss)
    .bss                                     0x20001b54   Section       80  usart.o(.bss)
    .bss                                     0x20001ba4   Section       96  libspace.o(.bss)
    HEAP                                     0x20001c08   Section      512  startup_stm32f10x_md.o(HEAP)
    Heap_Mem                                 0x20001c08   Data         512  startup_stm32f10x_md.o(HEAP)
    STACK                                    0x20001e08   Section     1024  startup_stm32f10x_md.o(STACK)
    Stack_Mem                                0x20001e08   Data        1024  startup_stm32f10x_md.o(STACK)
    __initial_sp                             0x20002208   Data           0  startup_stm32f10x_md.o(STACK)

    Global Symbols

    Symbol Name                              Value     Ov Type        Size  Object(Section)

    BuildAttributes$$THM_ISAv4$P$D$K$B$S$PE$A:L22UL41UL21$X:L11$S22US41US21$IEEE1$IW$USESV6$~STKCKD$USESV7$~SHL$OTIME$ROPI$IEEEJ$EBA8$UX$STANDARDLIB$REQ8$PRES8$EABIv2 0x00000000   Number         0  anon$$obj.o ABSOLUTE
    __ARM_use_no_argv                        0x00000000   Number         0  main.o ABSOLUTE
    __ARM_exceptions_init                     - Undefined Weak Reference
    __alloca_initialize                       - Undefined Weak Reference
    __arm_preinit_                            - Undefined Weak Reference
    __cpp_initialize__aeabi_                  - Undefined Weak Reference
    __cxa_finalize                            - Undefined Weak Reference
    __sigvec_lookup                           - Undefined Weak Reference
    _atexit_init                              - Undefined Weak Reference
    _call_atexit_fns                          - Undefined Weak Reference
    _clock_init                               - Undefined Weak Reference
    _fp_trap_init                             - Undefined Weak Reference
    _fp_trap_shutdown                         - Undefined Weak Reference
    _get_lc_collate                           - Undefined Weak Reference
    _get_lc_ctype                             - Undefined Weak Reference
    _get_lc_monetary                          - Undefined Weak Reference
    _get_lc_time                              - Undefined Weak Reference
    _getenv_init                              - Undefined Weak Reference
    _handle_redirection                       - Undefined Weak Reference
    _init_alloc                               - Undefined Weak Reference
    _init_user_alloc                          - Undefined Weak Reference
    _initio                                   - Undefined Weak Reference
    _mutex_acquire                            - Undefined Weak Reference
    _mutex_release                            - Undefined Weak Reference
    _printf_post_padding                      - Undefined Weak Reference
    _printf_pre_padding                       - Undefined Weak Reference
    _printf_truncate_unsigned                 - Undefined Weak Reference
    _rand_init                                - Undefined Weak Reference
    _signal_finish                            - Undefined Weak Reference
    _signal_init                              - Undefined Weak Reference
    _terminate_alloc                          - Undefined Weak Reference
    _terminate_user_alloc                     - Undefined Weak Reference
    _terminateio                              - Undefined Weak Reference
    __Vectors_Size                           0x000000ec   Number         0  startup_stm32f10x_md.o ABSOLUTE
    __Vectors                                0x08000000   Data           4  startup_stm32f10x_md.o(RESET)
    __Vectors_End                            0x080000ec   Data           0  startup_stm32f10x_md.o(RESET)
    __main                                   0x080000ed   Thumb Code     8  __main.o(!!!main)
    __scatterload                            0x080000f5   Thumb Code     0  __scatter.o(!!!scatter)
    __scatterload_rt2                        0x080000f5   Thumb Code    44  __scatter.o(!!!scatter)
    __scatterload_rt2_thumb_only             0x080000f5   Thumb Code     0  __scatter.o(!!!scatter)
    __scatterload_null                       0x08000103   Thumb Code     0  __scatter.o(!!!scatter)
    __scatterload_copy                       0x08000129   Thumb Code    26  __scatter_copy.o(!!handler_copy)
    __scatterload_zeroinit                   0x08000145   Thumb Code    28  __scatter_zi.o(!!handler_zi)
    _printf_f                                0x08000161   Thumb Code     0  _printf_f.o(.ARM.Collect$$_printf_percent$$00000003)
    _printf_percent                          0x08000161   Thumb Code     0  _printf_percent.o(.ARM.Collect$$_printf_percent$$00000000)
    _printf_x                                0x08000167   Thumb Code     0  _printf_x.o(.ARM.Collect$$_printf_percent$$0000000C)
    _printf_percent_end                      0x0800016d   Thumb Code     0  _printf_percent_end.o(.ARM.Collect$$_printf_percent$$00000017)
    __rt_lib_init                            0x08000171   Thumb Code     0  libinit.o(.ARM.Collect$$libinit$$00000000)
    __rt_lib_init_fp_1                       0x08000173   Thumb Code     0  libinit2.o(.ARM.Collect$$libinit$$00000002)
    __rt_lib_init_heap_1                     0x08000173   Thumb Code     0  libinit2.o(.ARM.Collect$$libinit$$0000000A)
    __rt_lib_init_lc_common                  0x08000173   Thumb Code     0  libinit2.o(.ARM.Collect$$libinit$$0000000F)
    __rt_lib_init_preinit_1                  0x08000173   Thumb Code     0  libinit2.o(.ARM.Collect$$libinit$$00000004)
    __rt_lib_init_rand_1                     0x08000173   Thumb Code     0  libinit2.o(.ARM.Collect$$libinit$$0000000E)
    __rt_lib_init_user_alloc_1               0x08000173   Thumb Code     0  libinit2.o(.ARM.Collect$$libinit$$0000000C)
    __rt_lib_init_lc_collate_1               0x08000179   Thumb Code     0  libinit2.o(.ARM.Collect$$libinit$$00000011)
    __rt_lib_init_lc_ctype_1                 0x08000179   Thumb Code     0  libinit2.o(.ARM.Collect$$libinit$$00000013)
    __rt_lib_init_lc_monetary_1              0x08000179   Thumb Code     0  libinit2.o(.ARM.Collect$$libinit$$00000015)
    __rt_lib_init_lc_numeric_2               0x08000179   Thumb Code     0  libinit2.o(.ARM.Collect$$libinit$$00000016)
    __rt_lib_init_alloca_1                   0x08000183   Thumb Code     0  libinit2.o(.ARM.Collect$$libinit$$0000002E)
    __rt_lib_init_argv_1                     0x08000183   Thumb Code     0  libinit2.o(.ARM.Collect$$libinit$$0000002C)
    __rt_lib_init_atexit_1                   0x08000183   Thumb Code     0  libinit2.o(.ARM.Collect$$libinit$$0000001B)
    __rt_lib_init_clock_1                    0x08000183   Thumb Code     0  libinit2.o(.ARM.Collect$$libinit$$00000021)
    __rt_lib_init_cpp_1                      0x08000183   Thumb Code     0  libinit2.o(.ARM.Collect$$libinit$$00000032)
    __rt_lib_init_exceptions_1               0x08000183   Thumb Code     0  libinit2.o(.ARM.Collect$$libinit$$00000030)
    __rt_lib_init_fp_trap_1                  0x08000183   Thumb Code     0  libinit2.o(.ARM.Collect$$libinit$$0000001F)
    __rt_lib_init_getenv_1                   0x08000183   Thumb Code     0  libinit2.o(.ARM.Collect$$libinit$$00000023)
    __rt_lib_init_lc_numeric_1               0x08000183   Thumb Code     0  libinit2.o(.ARM.Collect$$libinit$$00000017)
    __rt_lib_init_lc_time_1                  0x08000183   Thumb Code     0  libinit2.o(.ARM.Collect$$libinit$$00000019)
    __rt_lib_init_return                     0x08000183   Thumb Code     0  libinit2.o(.ARM.Collect$$libinit$$00000033)
    __rt_lib_init_signal_1                   0x08000183   Thumb Code     0  libinit2.o(.ARM.Collect$$libinit$$0000001D)
    __rt_lib_init_stdio_1                    0x08000183   Thumb Code     0  libinit2.o(.ARM.Collect$$libinit$$00000025)
    __rt_lib_shutdown                        0x08000185   Thumb Code     0  libshutdown.o(.ARM.Collect$$libshutdown$$00000000)
    __rt_lib_shutdown_cpp_1                  0x08000187   Thumb Code     0  libshutdown2.o(.ARM.Collect$$libshutdown$$00000002)
    __rt_lib_shutdown_fp_trap_1              0x08000187   Thumb Code     0  libshutdown2.o(.ARM.Collect$$libshutdown$$00000007)
    __rt_lib_shutdown_heap_1                 0x08000187   Thumb Code     0  libshutdown2.o(.ARM.Collect$$libshutdown$$0000000F)
    __rt_lib_shutdown_return                 0x08000187   Thumb Code     0  libshutdown2.o(.ARM.Collect$$libshutdown$$00000010)
    __rt_lib_shutdown_signal_1               0x08000187   Thumb Code     0  libshutdown2.o(.ARM.Collect$$libshutdown$$0000000A)
    __rt_lib_shutdown_stdio_1                0x08000187   Thumb Code     0  libshutdown2.o(.ARM.Collect$$libshutdown$$00000004)
    __rt_lib_shutdown_user_alloc_1           0x08000187   Thumb Code     0  libshutdown2.o(.ARM.Collect$$libshutdown$$0000000C)
    __rt_entry                               0x08000189   Thumb Code     0  __rtentry.o(.ARM.Collect$$rtentry$$00000000)
    __rt_entry_presh_1                       0x08000189   Thumb Code     0  __rtentry2.o(.ARM.Collect$$rtentry$$00000002)
    __rt_entry_sh                            0x08000189   Thumb Code     0  __rtentry4.o(.ARM.Collect$$rtentry$$00000004)
    __rt_entry_li                            0x0800018f   Thumb Code     0  __rtentry2.o(.ARM.Collect$$rtentry$$0000000A)
    __rt_entry_postsh_1                      0x0800018f   Thumb Code     0  __rtentry2.o(.ARM.Collect$$rtentry$$00000009)
    __rt_entry_main                          0x08000193   Thumb Code     0  __rtentry2.o(.ARM.Collect$$rtentry$$0000000D)
    __rt_entry_postli_1                      0x08000193   Thumb Code     0  __rtentry2.o(.ARM.Collect$$rtentry$$0000000C)
    __rt_exit                                0x0800019b   Thumb Code     0  rtexit.o(.ARM.Collect$$rtexit$$00000000)
    __rt_exit_ls                             0x0800019d   Thumb Code     0  rtexit2.o(.ARM.Collect$$rtexit$$00000003)
    __rt_exit_prels_1                        0x0800019d   Thumb Code     0  rtexit2.o(.ARM.Collect$$rtexit$$00000002)
    __rt_exit_exit                           0x080001a1   Thumb Code     0  rtexit2.o(.ARM.Collect$$rtexit$$00000004)
    Reset_Handler                            0x080001a9   Thumb Code     8  startup_stm32f10x_md.o(.text)
    NMI_Handler                              0x080001b1   Thumb Code     2  startup_stm32f10x_md.o(.text)
    HardFault_Handler                        0x080001b3   Thumb Code     2  startup_stm32f10x_md.o(.text)
    MemManage_Handler                        0x080001b5   Thumb Code     2  startup_stm32f10x_md.o(.text)
    BusFault_Handler                         0x080001b7   Thumb Code     2  startup_stm32f10x_md.o(.text)
    UsageFault_Handler                       0x080001b9   Thumb Code     2  startup_stm32f10x_md.o(.text)
    SVC_Handler                              0x080001bb   Thumb Code     2  startup_stm32f10x_md.o(.text)
    DebugMon_Handler                         0x080001bd   Thumb Code     2  startup_stm32f10x_md.o(.text)
    PendSV_Handler                           0x080001bf   Thumb Code     2  startup_stm32f10x_md.o(.text)
    SysTick_Handler                          0x080001c1   Thumb Code     2  startup_stm32f10x_md.o(.text)
    ADC1_2_IRQHandler                        0x080001c3   Thumb Code     0  startup_stm32f10x_md.o(.text)
    CAN1_RX1_IRQHandler                      0x080001c3   Thumb Code     0  startup_stm32f10x_md.o(.text)
    CAN1_SCE_IRQHandler                      0x080001c3   Thumb Code     0  startup_stm32f10x_md.o(.text)
    DMA1_Channel1_IRQHandler                 0x080001c3   Thumb Code     0  startup_stm32f10x_md.o(.text)
    DMA1_Channel2_IRQHandler                 0x080001c3   Thumb Code     0  startup_stm32f10x_md.o(.text)
    DMA1_Channel3_IRQHandler                 0x080001c3   Thumb Code     0  startup_stm32f10x_md.o(.text)
    DMA1_Channel4_IRQHandler                 0x080001c3   Thumb Code     0  startup_stm32f10x_md.o(.text)
    DMA1_Channel5_IRQHandler                 0x080001c3   Thumb Code     0  startup_stm32f10x_md.o(.text)
    DMA1_Channel6_IRQHandler                 0x080001c3   Thumb Code     0  startup_stm32f10x_md.o(.text)
    DMA1_Channel7_IRQHandler                 0x080001c3   Thumb Code     0  startup_stm32f10x_md.o(.text)
    EXTI0_IRQHandler                         0x080001c3   Thumb Code     0  startup_stm32f10x_md.o(.text)
    EXTI15_10_IRQHandler                     0x080001c3   Thumb Code     0  startup_stm32f10x_md.o(.text)
    EXTI1_IRQHandler                         0x080001c3   Thumb Code     0  startup_stm32f10x_md.o(.text)
    EXTI2_IRQHandler                         0x080001c3   Thumb Code     0  startup_stm32f10x_md.o(.text)
    EXTI3_IRQHandler                         0x080001c3   Thumb Code     0  startup_stm32f10x_md.o(.text)
    EXTI4_IRQHandler                         0x080001c3   Thumb Code     0  startup_stm32f10x_md.o(.text)
    EXTI9_5_IRQHandler                       0x080001c3   Thumb Code     0  startup_stm32f10x_md.o(.text)
    FLASH_IRQHandler                         0x080001c3   Thumb Code     0  startup_stm32f10x_md.o(.text)
    I2C1_ER_IRQHandler                       0x080001c3   Thumb Code     0  startup_stm32f10x_md.o(.text)
    I2C1_EV_IRQHandler                       0x080001c3   Thumb Code     0  startup_stm32f10x_md.o(.text)
    I2C2_ER_IRQHandler                       0x080001c3   Thumb Code     0  startup_stm32f10x_md.o(.text)
    I2C2_EV_IRQHandler                       0x080001c3   Thumb Code     0  startup_stm32f10x_md.o(.text)
    PVD_IRQHandler                           0x080001c3   Thumb Code     0  startup_stm32f10x_md.o(.text)
    RCC_IRQHandler                           0x080001c3   Thumb Code     0  startup_stm32f10x_md.o(.text)
    RTCAlarm_IRQHandler                      0x080001c3   Thumb Code     0  startup_stm32f10x_md.o(.text)
    RTC_IRQHandler                           0x080001c3   Thumb Code     0  startup_stm32f10x_md.o(.text)
    SPI1_IRQHandler                          0x080001c3   Thumb Code     0  startup_stm32f10x_md.o(.text)
    SPI2_IRQHandler                          0x080001c3   Thumb Code     0  startup_stm32f10x_md.o(.text)
    TAMPER_IRQHandler                        0x080001c3   Thumb Code     0  startup_stm32f10x_md.o(.text)
    TIM1_BRK_IRQHandler                      0x080001c3   Thumb Code     0  startup_stm32f10x_md.o(.text)
    TIM1_CC_IRQHandler                       0x080001c3   Thumb Code     0  startup_stm32f10x_md.o(.text)
    TIM1_TRG_COM_IRQHandler                  0x080001c3   Thumb Code     0  startup_stm32f10x_md.o(.text)
    TIM1_UP_IRQHandler                       0x080001c3   Thumb Code     0  startup_stm32f10x_md.o(.text)
    TIM2_IRQHandler                          0x080001c3   Thumb Code     0  startup_stm32f10x_md.o(.text)
    TIM3_IRQHandler                          0x080001c3   Thumb Code     0  startup_stm32f10x_md.o(.text)
    TIM4_IRQHandler                          0x080001c3   Thumb Code     0  startup_stm32f10x_md.o(.text)
    USART2_IRQHandler                        0x080001c3   Thumb Code     0  startup_stm32f10x_md.o(.text)
    USART3_IRQHandler                        0x080001c3   Thumb Code     0  startup_stm32f10x_md.o(.text)
    USBWakeUp_IRQHandler                     0x080001c3   Thumb Code     0  startup_stm32f10x_md.o(.text)
    USB_HP_CAN1_TX_IRQHandler                0x080001c3   Thumb Code     0  startup_stm32f10x_md.o(.text)
    USB_LP_CAN1_RX0_IRQHandler               0x080001c3   Thumb Code     0  startup_stm32f10x_md.o(.text)
    WWDG_IRQHandler                          0x080001c3   Thumb Code     0  startup_stm32f10x_md.o(.text)
    __user_initial_stackheap                 0x080001c5   Thumb Code     0  startup_stm32f10x_md.o(.text)
    arm_mat_init_f32                         0x080001e9   Thumb Code     8  arm_mat_init_f32.o(.text)
    __use_no_semihosting                     0x080001f1   Thumb Code     2  use_no_semi_2.o(.text)
    __2printf                                0x080001f5   Thumb Code    20  noretval__2printf.o(.text)
    __printf                                 0x0800020d   Thumb Code   104  __printf.o(.text)
    _printf_int_hex                          0x08000275   Thumb Code    84  _printf_hex_int.o(.text)
    _printf_longlong_hex                     0x08000275   Thumb Code     0  _printf_hex_int.o(.text)
    __use_two_region_memory                  0x080002cd   Thumb Code     2  heapauxi.o(.text)
    __rt_heap_escrow$2region                 0x080002cf   Thumb Code     2  heapauxi.o(.text)
    __rt_heap_expand$2region                 0x080002d1   Thumb Code     2  heapauxi.o(.text)
    __I$use$semihosting                      0x080002d3   Thumb Code     0  use_no_semi.o(.text)
    __use_no_semihosting_swi                 0x080002d3   Thumb Code     2  use_no_semi.o(.text)
    _printf_int_common                       0x080002d5   Thumb Code   178  _printf_intcommon.o(.text)
    __lib_sel_fp_printf                      0x08000387   Thumb Code     2  _printf_fp_dec.o(.text)
    _printf_fp_dec_real                      0x08000535   Thumb Code   620  _printf_fp_dec.o(.text)
    _printf_char_file                        0x080007a1   Thumb Code    32  _printf_char_file.o(.text)
    __rt_locale                              0x080007c5   Thumb Code     8  rt_locale_intlibspace.o(.text)
    _ll_udiv10                               0x080007cd   Thumb Code   138  lludiv10.o(.text)
    _printf_char_common                      0x08000863   Thumb Code    32  _printf_char_common.o(.text)
    _printf_fp_infnan                        0x08000889   Thumb Code   112  _printf_fp_infnan.o(.text)
    _btod_etento                             0x08000909   Thumb Code   216  bigflt0.o(.text)
    ferror                                   0x080009e5   Thumb Code     8  ferror.o(.text)
    __user_libspace                          0x080009ed   Thumb Code     8  libspace.o(.text)
    __user_perproc_libspace                  0x080009ed   Thumb Code     0  libspace.o(.text)
    __user_perthread_libspace                0x080009ed   Thumb Code     0  libspace.o(.text)
    __user_setup_stackheap                   0x080009f5   Thumb Code    74  sys_stackheap_outer.o(.text)
    exit                                     0x08000a3f   Thumb Code    18  exit.o(.text)
    strcmp                                   0x08000a51   Thumb Code   128  strcmpv7m.o(.text)
    _btod_d2e                                0x08000ad1   Thumb Code    62  btod.o(CL$$btod_d2e)
    _d2e_denorm_low                          0x08000b0f   Thumb Code    70  btod.o(CL$$btod_d2e_denorm_low)
    _d2e_norm_op1                            0x08000b55   Thumb Code    96  btod.o(CL$$btod_d2e_norm_op1)
    __btod_div_common                        0x08000bb5   Thumb Code   696  btod.o(CL$$btod_div_common)
    _e2e                                     0x08000eed   Thumb Code   198  btod.o(CL$$btod_e2e)
    _btod_ediv                               0x08000fb3   Thumb Code    40  btod.o(CL$$btod_ediv)
    _btod_emul                               0x08000fdb   Thumb Code    40  btod.o(CL$$btod_emul)
    __btod_mult_common                       0x08001003   Thumb Code   580  btod.o(CL$$btod_mult_common)
    FLASH_ErasePage                          0x08001249   Thumb Code    72  stm32f10x_flash.o(i.FLASH_ErasePage)
    FLASH_GetBank1Status                     0x08001295   Thumb Code    48  stm32f10x_flash.o(i.FLASH_GetBank1Status)
    FLASH_Lock                               0x080012c9   Thumb Code    14  stm32f10x_flash.o(i.FLASH_Lock)
    FLASH_ProgramHalfWord                    0x080012dd   Thumb Code    60  stm32f10x_flash.o(i.FLASH_ProgramHalfWord)
    FLASH_Unlock                             0x0800131d   Thumb Code    12  stm32f10x_flash.o(i.FLASH_Unlock)
    FLASH_WaitForLastOperation               0x08001335   Thumb Code    38  stm32f10x_flash.o(i.FLASH_WaitForLastOperation)
    FastCos                                  0x0800135d   Thumb Code   162  fastmath.o(i.FastCos)
    FastSin                                  0x08001409   Thumb Code   152  fastmath.o(i.FastSin)
    GPIO_Init                                0x080014a9   Thumb Code   278  stm32f10x_gpio.o(i.GPIO_Init)
    GPIO_ResetBits                           0x080015bf   Thumb Code     4  stm32f10x_gpio.o(i.GPIO_ResetBits)
    GPIO_SetBits                             0x080015c3   Thumb Code     4  stm32f10x_gpio.o(i.GPIO_SetBits)
    IIC_Ack                                  0x080015c9   Thumb Code    66  ioi2c.o(i.IIC_Ack)
    IIC_Init                                 0x08001619   Thumb Code    38  ioi2c.o(i.IIC_Init)
    IIC_NAck                                 0x08001645   Thumb Code    66  ioi2c.o(i.IIC_NAck)
    IIC_Read_Byte                            0x08001695   Thumb Code    98  ioi2c.o(i.IIC_Read_Byte)
    IIC_Send_Byte                            0x08001705   Thumb Code    90  ioi2c.o(i.IIC_Send_Byte)
    IIC_Start                                0x0800176d   Thumb Code    64  ioi2c.o(i.IIC_Start)
    IIC_Stop                                 0x080017b9   Thumb Code    62  ioi2c.o(i.IIC_Stop)
    IIC_Wait_Ack                             0x08001805   Thumb Code    92  ioi2c.o(i.IIC_Wait_Ack)
    IMU_I2C_Read                             0x0800186d   Thumb Code   100  ioi2c.o(i.IMU_I2C_Read)
    IMU_I2C_Write                            0x080018d1   Thumb Code    48  ioi2c.o(i.IMU_I2C_Write)
    Init_ekf                                 0x08001901   Thumb Code   402  imu_ekf.o(i.Init_ekf)
    Initial_Timer2AndTimer3                  0x08001b35   Thumb Code   192  timer.o(i.Initial_Timer2AndTimer3)
    LED_Init                                 0x08001bf9   Thumb Code    46  led.o(i.LED_Init)
    Load_IMUconfig                           0x08001c2d   Thumb Code   110  epromdata.o(i.Load_IMUconfig)
    MPU9250_Init                             0x08001ca5   Thumb Code   828  mpu9250.o(i.MPU9250_Init)
    NVIC_Init                                0x08002189   Thumb Code   100  misc.o(i.NVIC_Init)
    RCC_APB1PeriphClockCmd                   0x080021f9   Thumb Code    26  stm32f10x_rcc.o(i.RCC_APB1PeriphClockCmd)
    RCC_APB2PeriphClockCmd                   0x08002219   Thumb Code    26  stm32f10x_rcc.o(i.RCC_APB2PeriphClockCmd)
    RCC_GetClocksFreq                        0x08002239   Thumb Code   192  stm32f10x_rcc.o(i.RCC_GetClocksFreq)
    READ_MPU9250_RawAccGyro                  0x0800230d   Thumb Code   180  mpu9250.o(i.READ_MPU9250_RawAccGyro)
    READ_MPU9250_RawMag                      0x080023c5   Thumb Code    98  mpu9250.o(i.READ_MPU9250_RawMag)
    SystemInit                               0x08002511   Thumb Code    78  system_stm32f10x.o(i.SystemInit)
    TIM_ARRPreloadConfig                     0x08002571   Thumb Code    24  stm32f10x_tim.o(i.TIM_ARRPreloadConfig)
    TIM_Cmd                                  0x08002589   Thumb Code    24  stm32f10x_tim.o(i.TIM_Cmd)
    TIM_PrescalerConfig                      0x080025a1   Thumb Code     6  stm32f10x_tim.o(i.TIM_PrescalerConfig)
    TIM_SelectInputTrigger                   0x080025a7   Thumb Code    18  stm32f10x_tim.o(i.TIM_SelectInputTrigger)
    TIM_SelectMasterSlaveMode                0x080025b9   Thumb Code    18  stm32f10x_tim.o(i.TIM_SelectMasterSlaveMode)
    TIM_SelectOutputTrigger                  0x080025cb   Thumb Code    18  stm32f10x_tim.o(i.TIM_SelectOutputTrigger)
    TIM_SelectSlaveMode                      0x080025dd   Thumb Code    18  stm32f10x_tim.o(i.TIM_SelectSlaveMode)
    TIM_TimeBaseInit                         0x080025f1   Thumb Code   122  stm32f10x_tim.o(i.TIM_TimeBaseInit)
    TIM_TimeBaseStructInit                   0x08002695   Thumb Code    18  stm32f10x_tim.o(i.TIM_TimeBaseStructInit)
    TIM_UpdateDisableConfig                  0x080026a7   Thumb Code    24  stm32f10x_tim.o(i.TIM_UpdateDisableConfig)
    TIM_UpdateRequestConfig                  0x080026bf   Thumb Code    24  stm32f10x_tim.o(i.TIM_UpdateRequestConfig)
    UART1_PublishMotion                      0x080026d7   Thumb Code   444  usart.o(i.UART1_PublishMotion)
    UART1_Put_Char                           0x08002895   Thumb Code    22  usart.o(i.UART1_Put_Char)
    USART1_IRQHandler                        0x080028b1   Thumb Code   200  usart.o(i.USART1_IRQHandler)
    USART_ClearITPendingBit                  0x08002989   Thumb Code    30  stm32f10x_usart.o(i.USART_ClearITPendingBit)
    USART_Cmd                                0x080029a7   Thumb Code    24  stm32f10x_usart.o(i.USART_Cmd)
    USART_GetITStatus                        0x080029bf   Thumb Code    84  stm32f10x_usart.o(i.USART_GetITStatus)
    USART_ITConfig                           0x08002a13   Thumb Code    74  stm32f10x_usart.o(i.USART_ITConfig)
    USART_Init                               0x08002a5d   Thumb Code   210  stm32f10x_usart.o(i.USART_Init)
    USART_ReceiveData                        0x08002b35   Thumb Code    10  stm32f10x_usart.o(i.USART_ReceiveData)
    Write_IMUconfig                          0x08002b41   Thumb Code    58  epromdata.o(i.Write_IMUconfig)
    __ARM_fpclassify                         0x08002b81   Thumb Code    40  fpclassify.o(i.__ARM_fpclassify)
    _sys_exit                                0x08002ba9   Thumb Code     6  usart.o(i._sys_exit)
    arm_mat_identity_f32                     0x08002baf   Thumb Code    44  matrix.o(i.arm_mat_identity_f32)
    arm_mat_zero_f32                         0x08002bdb   Thumb Code    32  matrix.o(i.arm_mat_zero_f32)
    delay_ms                                 0x08002bfb   Thumb Code    24  delay.o(i.delay_ms)
    delay_us                                 0x08002c13   Thumb Code    26  delay.o(i.delay_us)
    fputc                                    0x08002c2d   Thumb Code    24  usart.o(i.fputc)
    get_MPU9250_DATA                         0x08002c49   Thumb Code   480  mpu9250.o(i.get_MPU9250_DATA)
    main                                     0x08002e85   Thumb Code    98  main.o(i.main)
    micros                                   0x08002ee9   Thumb Code    18  timer.o(i.micros)
    sys_Initial                              0x08002f01   Thumb Code    44  main.o(i.sys_Initial)
    uart1_init                               0x08002f31   Thumb Code   152  usart.o(i.uart1_init)
    _get_lc_numeric                          0x08002fd1   Thumb Code    44  lc_numeric_c.o(locale$$code)
    __fpl_dretinf                            0x08002ffd   Thumb Code    12  dretinf.o(x$fpl$dretinf)
    __aeabi_f2d                              0x08003009   Thumb Code     0  f2d.o(x$fpl$f2d)
    _f2d                                     0x08003009   Thumb Code    86  f2d.o(x$fpl$f2d)
    __aeabi_fadd                             0x08003061   Thumb Code     0  faddsub_clz.o(x$fpl$fadd)
    _fadd                                    0x08003061   Thumb Code   196  faddsub_clz.o(x$fpl$fadd)
    __fpl_fcmp_Inf                           0x08003125   Thumb Code    24  fcmpi.o(x$fpl$fcmpinf)
    __aeabi_fdiv                             0x0800313d   Thumb Code     0  fdiv.o(x$fpl$fdiv)
    _fdiv                                    0x0800313d   Thumb Code   384  fdiv.o(x$fpl$fdiv)
    __aeabi_f2iz                             0x080032c1   Thumb Code     0  ffix.o(x$fpl$ffix)
    _ffix                                    0x080032c1   Thumb Code    54  ffix.o(x$fpl$ffix)
    __aeabi_f2uiz                            0x080032f9   Thumb Code     0  ffixu.o(x$fpl$ffixu)
    _ffixu                                   0x080032f9   Thumb Code    62  ffixu.o(x$fpl$ffixu)
    __aeabi_i2f                              0x08003339   Thumb Code     0  fflt_clz.o(x$fpl$fflt)
    _fflt                                    0x08003339   Thumb Code    48  fflt_clz.o(x$fpl$fflt)
    __aeabi_ui2f                             0x08003369   Thumb Code     0  fflt_clz.o(x$fpl$ffltu)
    _ffltu                                   0x08003369   Thumb Code    38  fflt_clz.o(x$fpl$ffltu)
    __aeabi_cfcmple                          0x08003391   Thumb Code     0  fleqf.o(x$fpl$fleqf)
    _fcmple                                  0x08003391   Thumb Code   104  fleqf.o(x$fpl$fleqf)
    __fpl_fcmple_InfNaN                      0x080033e3   Thumb Code     0  fleqf.o(x$fpl$fleqf)
    __aeabi_fmul                             0x080033f9   Thumb Code     0  fmul.o(x$fpl$fmul)
    _fmul                                    0x080033f9   Thumb Code   258  fmul.o(x$fpl$fmul)
    __fpl_fnaninf                            0x080034fb   Thumb Code   140  fnaninf.o(x$fpl$fnaninf)
    __fpl_fretinf                            0x08003587   Thumb Code    10  fretinf.o(x$fpl$fretinf)
    __aeabi_frsub                            0x08003591   Thumb Code     0  faddsub_clz.o(x$fpl$frsb)
    _frsb                                    0x08003591   Thumb Code    20  faddsub_clz.o(x$fpl$frsb)
    __aeabi_fsub                             0x080035a5   Thumb Code     0  faddsub_clz.o(x$fpl$fsub)
    _fsub                                    0x080035a5   Thumb Code   234  faddsub_clz.o(x$fpl$fsub)
    _printf_fp_dec                           0x0800368f   Thumb Code     4  printf1.o(x$fpl$printf1)
    __I$use$fp                               0x08003692   Number         0  usenofp.o(x$fpl$usenofp)
    sinTable                                 0x08003694   Data        2052  fastmath.o(.constdata)
    Region$$Table$$Base                      0x08003fd0   Number         0  anon$$obj.o(Region$$Table)
    Region$$Table$$Limit                     0x08003ff0   Number         0  anon$$obj.o(Region$$Table)
    X_matrix                                 0x20000000   Data           8  imu_ekf.o(.data)
    F_matrix                                 0x20000008   Data           8  imu_ekf.o(.data)
    FT_matrix                                0x20000010   Data           8  imu_ekf.o(.data)
    P_matrix                                 0x20000018   Data           8  imu_ekf.o(.data)
    FP_matrix                                0x20000020   Data           8  imu_ekf.o(.data)
    Q_matrix                                 0x20000028   Data           8  imu_ekf.o(.data)
    H_matrix                                 0x20000030   Data           8  imu_ekf.o(.data)
    HT_matrix                                0x20000038   Data           8  imu_ekf.o(.data)
    PHT_matrix                               0x20000040   Data           8  imu_ekf.o(.data)
    HZ_matrix                                0x20000048   Data           8  imu_ekf.o(.data)
    HZI_matrix                               0x20000050   Data           8  imu_ekf.o(.data)
    K_matrix                                 0x20000058   Data           8  imu_ekf.o(.data)
    R_matrix                                 0x20000060   Data           8  imu_ekf.o(.data)
    Y_matrix                                 0x20000068   Data           8  imu_ekf.o(.data)
    Z_matrix                                 0x20000070   Data           8  imu_ekf.o(.data)
    KH_matrix                                0x20000078   Data           8  imu_ekf.o(.data)
    KHP_matrix                               0x20000080   Data           8  imu_ekf.o(.data)
    Ix                                       0x20000088   Data           4  imu_ekf.o(.data)
    Iz                                       0x2000008c   Data           4  imu_ekf.o(.data)
    AxOffset                                 0x20000092   Data           2  mpu9250.o(.data)
    AyOffset                                 0x20000094   Data           2  mpu9250.o(.data)
    AzOffset                                 0x20000096   Data           2  mpu9250.o(.data)
    GxOffset                                 0x20000098   Data           2  mpu9250.o(.data)
    GyOffset                                 0x2000009a   Data           2  mpu9250.o(.data)
    GzOffset                                 0x2000009c   Data           2  mpu9250.o(.data)
    MxOffset                                 0x200000a0   Data           4  mpu9250.o(.data)
    MyOffset                                 0x200000a4   Data           4  mpu9250.o(.data)
    MzOffset                                 0x200000a8   Data           4  mpu9250.o(.data)
    AxScale                                  0x200000ac   Data           4  mpu9250.o(.data)
    AyScale                                  0x200000b0   Data           4  mpu9250.o(.data)
    AzScale                                  0x200000b4   Data           4  mpu9250.o(.data)
    GxScale                                  0x200000b8   Data           4  mpu9250.o(.data)
    GyScale                                  0x200000bc   Data           4  mpu9250.o(.data)
    GzScale                                  0x200000c0   Data           4  mpu9250.o(.data)
    MxScale                                  0x200000c4   Data           4  mpu9250.o(.data)
    MyScale                                  0x200000c8   Data           4  mpu9250.o(.data)
    MzScale                                  0x200000cc   Data           4  mpu9250.o(.data)
    lastUpdate                               0x200000d0   Data           4  mpu9250.o(.data)
    MxMax                                    0x200000d4   Data           2  mpu9250.o(.data)
    MyMax                                    0x200000d6   Data           2  mpu9250.o(.data)
    MzMax                                    0x200000d8   Data           2  mpu9250.o(.data)
    MxMin                                    0x200000da   Data           2  mpu9250.o(.data)
    MyMin                                    0x200000dc   Data           2  mpu9250.o(.data)
    MzMin                                    0x200000de   Data           2  mpu9250.o(.data)
    __stdout                                 0x200000e0   Data           4  usart.o(.data)
    USART1_RX_STA                            0x200000e4   Data           1  usart.o(.data)
    USART1_RX_SIZE                           0x200000e6   Data           2  usart.o(.data)
    X                                        0x200000fc   Data          52  imu_ekf.o(.bss)
    F                                        0x20000130   Data         676  imu_ekf.o(.bss)
    FT                                       0x200003d4   Data         676  imu_ekf.o(.bss)
    P                                        0x20000678   Data         676  imu_ekf.o(.bss)
    FP                                       0x2000091c   Data         676  imu_ekf.o(.bss)
    Q                                        0x20000bc0   Data         676  imu_ekf.o(.bss)
    H                                        0x20000e64   Data         312  imu_ekf.o(.bss)
    HT                                       0x20000f9c   Data         312  imu_ekf.o(.bss)
    PHT                                      0x200010d4   Data         312  imu_ekf.o(.bss)
    HZ                                       0x2000120c   Data         144  imu_ekf.o(.bss)
    HZI                                      0x2000129c   Data         144  imu_ekf.o(.bss)
    K                                        0x2000132c   Data         312  imu_ekf.o(.bss)
    R                                        0x20001464   Data         144  imu_ekf.o(.bss)
    Y                                        0x200014f4   Data          24  imu_ekf.o(.bss)
    Z                                        0x2000150c   Data          24  imu_ekf.o(.bss)
    KH                                       0x20001524   Data         676  imu_ekf.o(.bss)
    KHP                                      0x200017c8   Data         676  imu_ekf.o(.bss)
    ACC_BIAS                                 0x20001a6c   Data          12  mpu9250.o(.bss)
    GYRO_BIAS                                0x20001a78   Data          12  mpu9250.o(.bss)
    MPU6050_FIFO                             0x20001a84   Data         132  mpu9250.o(.bss)
    Mag_ASA                                  0x20001b08   Data          12  mpu9250.o(.bss)
    IMUconfig                                0x20001b14   Data          64  mpu9250.o(.bss)
    USART1_RX_BUF                            0x20001b54   Data          40  usart.o(.bss)
    USART1_RX_DATA                           0x20001b7c   Data          40  usart.o(.bss)
    __libspace_start                         0x20001ba4   Data          96  libspace.o(.bss)
    __temporary_stack_top$libspace           0x20001c04   Data           0  libspace.o(.bss)



==============================================================================

Memory Map of the image

  Image Entry point : 0x080000ed

  Load Region LR_IROM1 (Base: 0x08000000, Size: 0x00004108, Max: 0x00020000, ABSOLUTE)

    Execution Region ER_IROM1 (Base: 0x08000000, Size: 0x0000400c, Max: 0x00020000, ABSOLUTE)

    Base Addr    Size         Type   Attr      Idx    E Section Name        Object

    0x08000000   0x000000ec   Data   RO         2519    RESET               startup_stm32f10x_md.o
    0x080000ec   0x00000008   Code   RO         2816  * !!!main             c_w.l(__main.o)
    0x080000f4   0x00000034   Code   RO         3101    !!!scatter          c_w.l(__scatter.o)
    0x08000128   0x0000001a   Code   RO         3103    !!handler_copy      c_w.l(__scatter_copy.o)
    0x08000142   0x00000002   PAD
    0x08000144   0x0000001c   Code   RO         3105    !!handler_zi        c_w.l(__scatter_zi.o)
    0x08000160   0x00000000   Code   RO         2813    .ARM.Collect$$_printf_percent$$00000000  c_w.l(_printf_percent.o)
    0x08000160   0x00000006   Code   RO         2812    .ARM.Collect$$_printf_percent$$00000003  c_w.l(_printf_f.o)
    0x08000166   0x00000006   Code   RO         2811    .ARM.Collect$$_printf_percent$$0000000C  c_w.l(_printf_x.o)
    0x0800016c   0x00000004   Code   RO         2881    .ARM.Collect$$_printf_percent$$00000017  c_w.l(_printf_percent_end.o)
    0x08000170   0x00000002   Code   RO         2978    .ARM.Collect$$libinit$$00000000  c_w.l(libinit.o)
    0x08000172   0x00000000   Code   RO         2980    .ARM.Collect$$libinit$$00000002  c_w.l(libinit2.o)
    0x08000172   0x00000000   Code   RO         2982    .ARM.Collect$$libinit$$00000004  c_w.l(libinit2.o)
    0x08000172   0x00000000   Code   RO         2985    .ARM.Collect$$libinit$$0000000A  c_w.l(libinit2.o)
    0x08000172   0x00000000   Code   RO         2987    .ARM.Collect$$libinit$$0000000C  c_w.l(libinit2.o)
    0x08000172   0x00000000   Code   RO         2989    .ARM.Collect$$libinit$$0000000E  c_w.l(libinit2.o)
    0x08000172   0x00000006   Code   RO         2990    .ARM.Collect$$libinit$$0000000F  c_w.l(libinit2.o)
    0x08000178   0x00000000   Code   RO         2992    .ARM.Collect$$libinit$$00000011  c_w.l(libinit2.o)
    0x08000178   0x00000000   Code   RO         2994    .ARM.Collect$$libinit$$00000013  c_w.l(libinit2.o)
    0x08000178   0x00000000   Code   RO         2996    .ARM.Collect$$libinit$$00000015  c_w.l(libinit2.o)
    0x08000178   0x0000000a   Code   RO         2997    .ARM.Collect$$libinit$$00000016  c_w.l(libinit2.o)
    0x08000182   0x00000000   Code   RO         2998    .ARM.Collect$$libinit$$00000017  c_w.l(libinit2.o)
    0x08000182   0x00000000   Code   RO         3000    .ARM.Collect$$libinit$$00000019  c_w.l(libinit2.o)
    0x08000182   0x00000000   Code   RO         3002    .ARM.Collect$$libinit$$0000001B  c_w.l(libinit2.o)
    0x08000182   0x00000000   Code   RO         3004    .ARM.Collect$$libinit$$0000001D  c_w.l(libinit2.o)
    0x08000182   0x00000000   Code   RO         3006    .ARM.Collect$$libinit$$0000001F  c_w.l(libinit2.o)
    0x08000182   0x00000000   Code   RO         3008    .ARM.Collect$$libinit$$00000021  c_w.l(libinit2.o)
    0x08000182   0x00000000   Code   RO         3010    .ARM.Collect$$libinit$$00000023  c_w.l(libinit2.o)
    0x08000182   0x00000000   Code   RO         3012    .ARM.Collect$$libinit$$00000025  c_w.l(libinit2.o)
    0x08000182   0x00000000   Code   RO         3016    .ARM.Collect$$libinit$$0000002C  c_w.l(libinit2.o)
    0x08000182   0x00000000   Code   RO         3018    .ARM.Collect$$libinit$$0000002E  c_w.l(libinit2.o)
    0x08000182   0x00000000   Code   RO         3020    .ARM.Collect$$libinit$$00000030  c_w.l(libinit2.o)
    0x08000182   0x00000000   Code   RO         3022    .ARM.Collect$$libinit$$00000032  c_w.l(libinit2.o)
    0x08000182   0x00000002   Code   RO         3023    .ARM.Collect$$libinit$$00000033  c_w.l(libinit2.o)
    0x08000184   0x00000002   Code   RO         3051    .ARM.Collect$$libshutdown$$00000000  c_w.l(libshutdown.o)
    0x08000186   0x00000000   Code   RO         3060    .ARM.Collect$$libshutdown$$00000002  c_w.l(libshutdown2.o)
    0x08000186   0x00000000   Code   RO         3062    .ARM.Collect$$libshutdown$$00000004  c_w.l(libshutdown2.o)
    0x08000186   0x00000000   Code   RO         3065    .ARM.Collect$$libshutdown$$00000007  c_w.l(libshutdown2.o)
    0x08000186   0x00000000   Code   RO         3068    .ARM.Collect$$libshutdown$$0000000A  c_w.l(libshutdown2.o)
    0x08000186   0x00000000   Code   RO         3070    .ARM.Collect$$libshutdown$$0000000C  c_w.l(libshutdown2.o)
    0x08000186   0x00000000   Code   RO         3073    .ARM.Collect$$libshutdown$$0000000F  c_w.l(libshutdown2.o)
    0x08000186   0x00000002   Code   RO         3074    .ARM.Collect$$libshutdown$$00000010  c_w.l(libshutdown2.o)
    0x08000188   0x00000000   Code   RO         2872    .ARM.Collect$$rtentry$$00000000  c_w.l(__rtentry.o)
    0x08000188   0x00000000   Code   RO         2896    .ARM.Collect$$rtentry$$00000002  c_w.l(__rtentry2.o)
    0x08000188   0x00000006   Code   RO         2908    .ARM.Collect$$rtentry$$00000004  c_w.l(__rtentry4.o)
    0x0800018e   0x00000000   Code   RO         2898    .ARM.Collect$$rtentry$$00000009  c_w.l(__rtentry2.o)
    0x0800018e   0x00000004   Code   RO         2899    .ARM.Collect$$rtentry$$0000000A  c_w.l(__rtentry2.o)
    0x08000192   0x00000000   Code   RO         2901    .ARM.Collect$$rtentry$$0000000C  c_w.l(__rtentry2.o)
    0x08000192   0x00000008   Code   RO         2902    .ARM.Collect$$rtentry$$0000000D  c_w.l(__rtentry2.o)
    0x0800019a   0x00000002   Code   RO         3024    .ARM.Collect$$rtexit$$00000000  c_w.l(rtexit.o)
    0x0800019c   0x00000000   Code   RO         3031    .ARM.Collect$$rtexit$$00000002  c_w.l(rtexit2.o)
    0x0800019c   0x00000004   Code   RO         3032    .ARM.Collect$$rtexit$$00000003  c_w.l(rtexit2.o)
    0x080001a0   0x00000006   Code   RO         3033    .ARM.Collect$$rtexit$$00000004  c_w.l(rtexit2.o)
    0x080001a6   0x00000002   PAD
    0x080001a8   0x00000040   Code   RO         2520    .text               startup_stm32f10x_md.o
    0x080001e8   0x00000008   Code   RO         2619    .text               arm_cortexM3l_math.lib(arm_mat_init_f32.o)
    0x080001f0   0x00000002   Code   RO         2762    .text               c_w.l(use_no_semi_2.o)
    0x080001f2   0x00000002   PAD
    0x080001f4   0x00000018   Code   RO         2766    .text               c_w.l(noretval__2printf.o)
    0x0800020c   0x00000068   Code   RO         2768    .text               c_w.l(__printf.o)
    0x08000274   0x00000058   Code   RO         2773    .text               c_w.l(_printf_hex_int.o)
    0x080002cc   0x00000006   Code   RO         2814    .text               c_w.l(heapauxi.o)
    0x080002d2   0x00000002   Code   RO         2870    .text               c_w.l(use_no_semi.o)
    0x080002d4   0x000000b2   Code   RO         2875    .text               c_w.l(_printf_intcommon.o)
    0x08000386   0x0000041a   Code   RO         2877    .text               c_w.l(_printf_fp_dec.o)
    0x080007a0   0x00000024   Code   RO         2879    .text               c_w.l(_printf_char_file.o)
    0x080007c4   0x00000008   Code   RO         2913    .text               c_w.l(rt_locale_intlibspace.o)
    0x080007cc   0x0000008a   Code   RO         2920    .text               c_w.l(lludiv10.o)
    0x08000856   0x00000002   PAD
    0x08000858   0x00000030   Code   RO         2922    .text               c_w.l(_printf_char_common.o)
    0x08000888   0x00000080   Code   RO         2924    .text               c_w.l(_printf_fp_infnan.o)
    0x08000908   0x000000dc   Code   RO         2926    .text               c_w.l(bigflt0.o)
    0x080009e4   0x00000008   Code   RO         2951    .text               c_w.l(ferror.o)
    0x080009ec   0x00000008   Code   RO         2962    .text               c_w.l(libspace.o)
    0x080009f4   0x0000004a   Code   RO         2965    .text               c_w.l(sys_stackheap_outer.o)
    0x08000a3e   0x00000012   Code   RO         2969    .text               c_w.l(exit.o)
    0x08000a50   0x00000080   Code   RO         2971    .text               c_w.l(strcmpv7m.o)
    0x08000ad0   0x0000003e   Code   RO         2929    CL$$btod_d2e        c_w.l(btod.o)
    0x08000b0e   0x00000046   Code   RO         2931    CL$$btod_d2e_denorm_low  c_w.l(btod.o)
    0x08000b54   0x00000060   Code   RO         2930    CL$$btod_d2e_norm_op1  c_w.l(btod.o)
    0x08000bb4   0x00000338   Code   RO         2939    CL$$btod_div_common  c_w.l(btod.o)
    0x08000eec   0x000000c6   Code   RO         2936    CL$$btod_e2e        c_w.l(btod.o)
    0x08000fb2   0x00000028   Code   RO         2933    CL$$btod_ediv       c_w.l(btod.o)
    0x08000fda   0x00000028   Code   RO         2932    CL$$btod_emul       c_w.l(btod.o)
    0x08001002   0x00000244   Code   RO         2938    CL$$btod_mult_common  c_w.l(btod.o)
    0x08001246   0x00000002   PAD
    0x08001248   0x0000004c   Code   RO          988    i.FLASH_ErasePage   stm32f10x_flash.o
    0x08001294   0x00000034   Code   RO          989    i.FLASH_GetBank1Status  stm32f10x_flash.o
    0x080012c8   0x00000014   Code   RO          998    i.FLASH_Lock        stm32f10x_flash.o
    0x080012dc   0x00000040   Code   RO         1001    i.FLASH_ProgramHalfWord  stm32f10x_flash.o
    0x0800131c   0x00000018   Code   RO         1006    i.FLASH_Unlock      stm32f10x_flash.o
    0x08001334   0x00000026   Code   RO         1010    i.FLASH_WaitForLastOperation  stm32f10x_flash.o
    0x0800135a   0x00000002   PAD
    0x0800135c   0x000000ac   Code   RO          191    i.FastCos           fastmath.o
    0x08001408   0x000000a0   Code   RO          194    i.FastSin           fastmath.o
    0x080014a8   0x00000116   Code   RO         1175    i.GPIO_Init         stm32f10x_gpio.o
    0x080015be   0x00000004   Code   RO         1182    i.GPIO_ResetBits    stm32f10x_gpio.o
    0x080015c2   0x00000004   Code   RO         1183    i.GPIO_SetBits      stm32f10x_gpio.o
    0x080015c6   0x00000002   PAD
    0x080015c8   0x00000050   Code   RO          786    i.IIC_Ack           ioi2c.o
    0x08001618   0x0000002c   Code   RO          787    i.IIC_Init          ioi2c.o
    0x08001644   0x00000050   Code   RO          788    i.IIC_NAck          ioi2c.o
    0x08001694   0x00000070   Code   RO          789    i.IIC_Read_Byte     ioi2c.o
    0x08001704   0x00000068   Code   RO          790    i.IIC_Send_Byte     ioi2c.o
    0x0800176c   0x0000004c   Code   RO          791    i.IIC_Start         ioi2c.o
    0x080017b8   0x0000004c   Code   RO          792    i.IIC_Stop          ioi2c.o
    0x08001804   0x00000068   Code   RO          793    i.IIC_Wait_Ack      ioi2c.o
    0x0800186c   0x00000064   Code   RO          799    i.IMU_I2C_Read      ioi2c.o
    0x080018d0   0x00000030   Code   RO          800    i.IMU_I2C_Write     ioi2c.o
    0x08001900   0x00000234   Code   RO          143    i.Init_ekf          imu_ekf.o
    0x08001b34   0x000000c4   Code   RO          755    i.Initial_Timer2AndTimer3  timer.o
    0x08001bf8   0x00000034   Code   RO          500    i.LED_Init          led.o
    0x08001c2c   0x00000078   Code   RO          725    i.Load_IMUconfig    epromdata.o
    0x08001ca4   0x0000041c   Code   RO          533    i.MPU9250_Init      mpu9250.o
    0x080020c0   0x000000c8   Code   RO          534    i.MeanFilter_Mpu6050  mpu9250.o
    0x08002188   0x00000070   Code   RO          935    i.NVIC_Init         misc.o
    0x080021f8   0x00000020   Code   RO         1513    i.RCC_APB1PeriphClockCmd  stm32f10x_rcc.o
    0x08002218   0x00000020   Code   RO         1515    i.RCC_APB2PeriphClockCmd  stm32f10x_rcc.o
    0x08002238   0x000000d4   Code   RO         1523    i.RCC_GetClocksFreq  stm32f10x_rcc.o
    0x0800230c   0x000000b8   Code   RO          535    i.READ_MPU9250_RawAccGyro  mpu9250.o
    0x080023c4   0x00000062   Code   RO          536    i.READ_MPU9250_RawMag  mpu9250.o
    0x08002426   0x00000008   Code   RO         2527    i.SetSysClock       system_stm32f10x.o
    0x0800242e   0x00000002   PAD
    0x08002430   0x000000e0   Code   RO         2528    i.SetSysClockTo72   system_stm32f10x.o
    0x08002510   0x00000060   Code   RO         2530    i.SystemInit        system_stm32f10x.o
    0x08002570   0x00000018   Code   RO         1727    i.TIM_ARRPreloadConfig  stm32f10x_tim.o
    0x08002588   0x00000018   Code   RO         1739    i.TIM_Cmd           stm32f10x_tim.o
    0x080025a0   0x00000006   Code   RO         1788    i.TIM_PrescalerConfig  stm32f10x_tim.o
    0x080025a6   0x00000012   Code   RO         1792    i.TIM_SelectInputTrigger  stm32f10x_tim.o
    0x080025b8   0x00000012   Code   RO         1793    i.TIM_SelectMasterSlaveMode  stm32f10x_tim.o
    0x080025ca   0x00000012   Code   RO         1796    i.TIM_SelectOutputTrigger  stm32f10x_tim.o
    0x080025dc   0x00000012   Code   RO         1797    i.TIM_SelectSlaveMode  stm32f10x_tim.o
    0x080025ee   0x00000002   PAD
    0x080025f0   0x000000a4   Code   RO         1810    i.TIM_TimeBaseInit  stm32f10x_tim.o
    0x08002694   0x00000012   Code   RO         1811    i.TIM_TimeBaseStructInit  stm32f10x_tim.o
    0x080026a6   0x00000018   Code   RO         1812    i.TIM_UpdateDisableConfig  stm32f10x_tim.o
    0x080026be   0x00000018   Code   RO         1813    i.TIM_UpdateRequestConfig  stm32f10x_tim.o
    0x080026d6   0x000001bc   Code   RO          654    i.UART1_PublishMotion  usart.o
    0x08002892   0x00000002   PAD
    0x08002894   0x0000001c   Code   RO          655    i.UART1_Put_Char    usart.o
    0x080028b0   0x000000d8   Code   RO          656    i.USART1_IRQHandler  usart.o
    0x08002988   0x0000001e   Code   RO         2284    i.USART_ClearITPendingBit  stm32f10x_usart.o
    0x080029a6   0x00000018   Code   RO         2287    i.USART_Cmd         stm32f10x_usart.o
    0x080029be   0x00000054   Code   RO         2291    i.USART_GetITStatus  stm32f10x_usart.o
    0x08002a12   0x0000004a   Code   RO         2293    i.USART_ITConfig    stm32f10x_usart.o
    0x08002a5c   0x000000d8   Code   RO         2294    i.USART_Init        stm32f10x_usart.o
    0x08002b34   0x0000000a   Code   RO         2301    i.USART_ReceiveData  stm32f10x_usart.o
    0x08002b3e   0x00000002   PAD
    0x08002b40   0x00000040   Code   RO          726    i.Write_IMUconfig   epromdata.o
    0x08002b80   0x00000028   Code   RO         2960    i.__ARM_fpclassify  m_ws.l(fpclassify.o)
    0x08002ba8   0x00000006   Code   RO          657    i._sys_exit         usart.o
    0x08002bae   0x0000002c   Code   RO          322    i.arm_mat_identity_f32  matrix.o
    0x08002bda   0x00000020   Code   RO          327    i.arm_mat_zero_f32  matrix.o
    0x08002bfa   0x00000018   Code   RO          899    i.delay_ms          delay.o
    0x08002c12   0x0000001a   Code   RO          900    i.delay_us          delay.o
    0x08002c2c   0x0000001c   Code   RO          658    i.fputc             usart.o
    0x08002c48   0x0000023c   Code   RO          538    i.get_MPU9250_DATA  mpu9250.o
    0x08002e84   0x00000062   Code   RO            4    i.main              main.o
    0x08002ee6   0x00000002   PAD
    0x08002ee8   0x00000018   Code   RO          756    i.micros            timer.o
    0x08002f00   0x00000030   Code   RO            5    i.sys_Initial       main.o
    0x08002f30   0x000000a0   Code   RO          660    i.uart1_init        usart.o
    0x08002fd0   0x0000002c   Code   RO         2956    locale$$code        c_w.l(lc_numeric_c.o)
    0x08002ffc   0x0000000c   Code   RO         2884    x$fpl$dretinf       fz_ws.l(dretinf.o)
    0x08003008   0x00000056   Code   RO         2826    x$fpl$f2d           fz_ws.l(f2d.o)
    0x0800305e   0x00000002   PAD
    0x08003060   0x000000c4   Code   RO         2828    x$fpl$fadd          fz_ws.l(faddsub_clz.o)
    0x08003124   0x00000018   Code   RO         2886    x$fpl$fcmpinf       fz_ws.l(fcmpi.o)
    0x0800313c   0x00000184   Code   RO         2835    x$fpl$fdiv          fz_ws.l(fdiv.o)
    0x080032c0   0x00000036   Code   RO         2840    x$fpl$ffix          fz_ws.l(ffix.o)
    0x080032f6   0x00000002   PAD
    0x080032f8   0x0000003e   Code   RO         2844    x$fpl$ffixu         fz_ws.l(ffixu.o)
    0x08003336   0x00000002   PAD
    0x08003338   0x00000030   Code   RO         2849    x$fpl$fflt          fz_ws.l(fflt_clz.o)
    0x08003368   0x00000026   Code   RO         2848    x$fpl$ffltu         fz_ws.l(fflt_clz.o)
    0x0800338e   0x00000002   PAD
    0x08003390   0x00000068   Code   RO         2854    x$fpl$fleqf         fz_ws.l(fleqf.o)
    0x080033f8   0x00000102   Code   RO         2856    x$fpl$fmul          fz_ws.l(fmul.o)
    0x080034fa   0x0000008c   Code   RO         2888    x$fpl$fnaninf       fz_ws.l(fnaninf.o)
    0x08003586   0x0000000a   Code   RO         2890    x$fpl$fretinf       fz_ws.l(fretinf.o)
    0x08003590   0x00000014   Code   RO         2829    x$fpl$frsb          fz_ws.l(faddsub_clz.o)
    0x080035a4   0x000000ea   Code   RO         2830    x$fpl$fsub          fz_ws.l(faddsub_clz.o)
    0x0800368e   0x00000004   Code   RO         2860    x$fpl$printf1       fz_ws.l(printf1.o)
    0x08003692   0x00000000   Code   RO         2894    x$fpl$usenofp       fz_ws.l(usenofp.o)
    0x08003692   0x00000002   PAD
    0x08003694   0x00000880   Data   RO          202    .constdata          fastmath.o
    0x08003f14   0x00000028   Data   RO         2774    .constdata          c_w.l(_printf_hex_int.o)
    0x08003f3c   0x00000094   Data   RO         2927    .constdata          c_w.l(bigflt0.o)
    0x08003fd0   0x00000020   Data   RO         3099    Region$$Table       anon$$obj.o
    0x08003ff0   0x0000001c   Data   RO         2955    locale$$data        c_w.l(lc_numeric_c.o)


    Execution Region RW_IRAM1 (Base: 0x20000000, Size: 0x00002208, Max: 0x00005000, ABSOLUTE)

    Base Addr    Size         Type   Attr      Idx    E Section Name        Object

    0x20000000   0x00000090   Data   RW          146    .data               imu_ekf.o
    0x20000090   0x00000050   Data   RW          543    .data               mpu9250.o
    0x200000e0   0x00000008   Data   RW          662    .data               usart.o
    0x200000e8   0x00000014   Data   RW         1543    .data               stm32f10x_rcc.o
    0x200000fc   0x00001970   Zero   RW          145    .bss                imu_ekf.o
    0x20001a6c   0x000000e8   Zero   RW          542    .bss                mpu9250.o
    0x20001b54   0x00000050   Zero   RW          661    .bss                usart.o
    0x20001ba4   0x00000060   Zero   RW         2963    .bss                c_w.l(libspace.o)
    0x20001c04   0x00000004   PAD
    0x20001c08   0x00000200   Zero   RW         2518    HEAP                startup_stm32f10x_md.o
    0x20001e08   0x00000400   Zero   RW         2517    STACK               startup_stm32f10x_md.o


==============================================================================

Image component sizes


      Code (inc. data)   RO Data    RW Data    ZI Data      Debug   Object Name

        50          0          0          0          0        886   delay.o
       184         16          0          0          0       1411   epromdata.o
       332         18       2176          0          0       4433   fastmath.o
       564        162          0        144       6512       2316   imu_ekf.o
       824        100          0          0          0       5161   ioi2c.o
        52          6          0          0          0        415   led.o
       146          4          0          0          0     274581   main.o
        76          0          0          0          0      16390   matrix.o
       112         12          0          0          0       1140   misc.o
      2106        330          0         80        232       6090   mpu9250.o
        64         26        236          0       1536        780   startup_stm32f10x_md.o
       274         30          0          0          0       3634   stm32f10x_flash.o
       286          0          0          0          0       3216   stm32f10x_gpio.o
       276         32          0         20          0       4606   stm32f10x_rcc.o
       356         42          0          0          0       7336   stm32f10x_tim.o
       438          6          0          0          0       5920   stm32f10x_usart.o
       328         28          0          0          0       1829   system_stm32f10x.o
       220         10          0          0          0        923   timer.o
       882         34          0          8         80       5128   usart.o

    ----------------------------------------------------------------------
      7584        856       2444        252       8360     346195   Object Totals
         0          0         32          0          0          0   (incl. Generated)
        14          0          0          0          0          0   (incl. Padding)

    ----------------------------------------------------------------------

      Code (inc. data)   RO Data    RW Data    ZI Data      Debug   Library Member Name

         0          0          0          0          0      18068   arm_mat_add_f32.o
         8          0          0          0          0        951   arm_mat_init_f32.o
         8          0          0          0          0         68   __main.o
       104          0          0          0          0         84   __printf.o
         0          0          0          0          0          0   __rtentry.o
        12          0          0          0          0          0   __rtentry2.o
         6          0          0          0          0          0   __rtentry4.o
        52          8          0          0          0          0   __scatter.o
        26          0          0          0          0          0   __scatter_copy.o
        28          0          0          0          0          0   __scatter_zi.o
        48          6          0          0          0         96   _printf_char_common.o
        36          4          0          0          0         80   _printf_char_file.o
         6          0          0          0          0          0   _printf_f.o
      1050          0          0          0          0        216   _printf_fp_dec.o
       128         16          0          0          0         84   _printf_fp_infnan.o
        88          4         40          0          0         88   _printf_hex_int.o
       178          0          0          0          0         88   _printf_intcommon.o
         0          0          0          0          0          0   _printf_percent.o
         4          0          0          0          0          0   _printf_percent_end.o
         6          0          0          0          0          0   _printf_x.o
       220          4        148          0          0         96   bigflt0.o
      1910        128          0          0          0        672   btod.o
        18          0          0          0          0         80   exit.o
         8          0          0          0          0         68   ferror.o
         6          0          0          0          0        152   heapauxi.o
        44         10         28          0          0         76   lc_numeric_c.o
         2          0          0          0          0          0   libinit.o
        18          0          0          0          0          0   libinit2.o
         2          0          0          0          0          0   libshutdown.o
         2          0          0          0          0          0   libshutdown2.o
         8          4          0          0         96         68   libspace.o
       138          0          0          0          0         80   lludiv10.o
        24          4          0          0          0         84   noretval__2printf.o
         8          4          0          0          0         68   rt_locale_intlibspace.o
         2          0          0          0          0          0   rtexit.o
        10          0          0          0          0          0   rtexit2.o
       128          0          0          0          0         68   strcmpv7m.o
        74          0          0          0          0         80   sys_stackheap_outer.o
         2          0          0          0          0         68   use_no_semi.o
         2          0          0          0          0         68   use_no_semi_2.o
        12          0          0          0          0         68   dretinf.o
        86          4          0          0          0         84   f2d.o
       450          8          0          0          0        236   faddsub_clz.o
        24          0          0          0          0         68   fcmpi.o
       388         76          0          0          0         96   fdiv.o
        54          4          0          0          0         84   ffix.o
        62          4          0          0          0         84   ffixu.o
        86          0          0          0          0        136   fflt_clz.o
       104          4          0          0          0         84   fleqf.o
       258          4          0          0          0         84   fmul.o
       140          4          0          0          0         84   fnaninf.o
        10          0          0          0          0         68   fretinf.o
         4          0          0          0          0         68   printf1.o
         0          0          0          0          0          0   usenofp.o
        40          0          0          0          0         68   fpclassify.o

    ----------------------------------------------------------------------
      6152        300        216          0        100      22863   Library Totals
        20          0          0          0          4          0   (incl. Padding)

    ----------------------------------------------------------------------

      Code (inc. data)   RO Data    RW Data    ZI Data      Debug   Library Name

         8          0          0          0          0      19019   arm_cortexM3l_math.lib
      4406        192        216          0         96       2532   c_w.l
      1678        108          0          0          0       1244   fz_ws.l
        40          0          0          0          0         68   m_ws.l

    ----------------------------------------------------------------------
      6152        300        216          0        100      22863   Library Totals

    ----------------------------------------------------------------------

==============================================================================


      Code (inc. data)   RO Data    RW Data    ZI Data      Debug   

     13736       1156       2660        252       8460     363438   Grand Totals
     13736       1156       2660        252       8460     363438   ELF Image Totals
     13736       1156       2660        252          0          0   ROM Totals

==============================================================================

    Total RO  Size (Code + RO Data)                16396 (  16.01kB)
    Total RW  Size (RW Data + ZI Data)              8712 (   8.51kB)
    Total ROM Size (Code + RO Data + RW Data)      16648 (  16.26kB)

==============================================================================

